// Jest Snapshot v1, https://goo.gl/fbAQLP

exports[`ResolverEndpoint Construct(ResolverEndpoint):  Snapshot Test 1`] = `
{
  "Resources": {
    "TestEndpoint4E197ABD": {
      "Properties": {
        "Direction": "OUTBOUND",
        "IpAddresses": [
          {
            "SubnetId": "subnet-1",
          },
          {
            "SubnetId": "subnet-2",
          },
        ],
        "Name": "TestEndpoint",
        "Protocols": [
          "DoH",
        ],
        "SecurityGroupIds": [
          "sg-123test",
        ],
        "Tags": [
          {
            "Key": "Name",
            "Value": "TestEndpoint",
          },
        ],
      },
      "Type": "AWS::Route53Resolver::ResolverEndpoint",
    },
    "TestInboundEndpoint502261B4": {
      "Properties": {
        "Direction": "Inbound",
        "IpAddresses": [
          {
            "SubnetId": "subnet-1",
          },
          {
            "SubnetId": "subnet-2",
          },
        ],
        "Name": "TestInboundEndpoint",
        "Protocols": [
          "DoH-FIPS",
          "Do53",
        ],
        "SecurityGroupIds": [
          "sg-123test",
        ],
        "Tags": [
          {
            "Key": "Name",
            "Value": "TestInboundEndpoint",
          },
        ],
      },
      "Type": "AWS::Route53Resolver::ResolverEndpoint",
    },
  },
}
`;
