// Jest Snapshot v1, https://goo.gl/fbAQLP

exports[`LaunchTemplate Construct(FirewallAutoScalingGroup):  Snapshot Test 1`] = `
{
  "Resources": {
    "CustomKey1E6D0D07": {
      "DeletionPolicy": "Retain",
      "Properties": {
        "KeyPolicy": {
          "Statement": [
            {
              "Action": "kms:*",
              "Effect": "Allow",
              "Principal": {
                "AWS": {
                  "Fn::Join": [
                    "",
                    [
                      "arn:",
                      {
                        "Ref": "AWS::Partition",
                      },
                      ":iam::",
                      {
                        "Ref": "AWS::AccountId",
                      },
                      ":root",
                    ],
                  ],
                },
              },
              "Resource": "*",
            },
          ],
          "Version": "2012-10-17",
        },
      },
      "Type": "AWS::KMS::Key",
      "UpdateReplacePolicy": "Retain",
    },
    "CustomKeyCloudWatchFB91CD4E": {
      "DeletionPolicy": "Retain",
      "Properties": {
        "KeyPolicy": {
          "Statement": [
            {
              "Action": "kms:*",
              "Effect": "Allow",
              "Principal": {
                "AWS": {
                  "Fn::Join": [
                    "",
                    [
                      "arn:",
                      {
                        "Ref": "AWS::Partition",
                      },
                      ":iam::",
                      {
                        "Ref": "AWS::AccountId",
                      },
                      ":root",
                    ],
                  ],
                },
              },
              "Resource": "*",
            },
          ],
          "Version": "2012-10-17",
        },
      },
      "Type": "AWS::KMS::Key",
      "UpdateReplacePolicy": "Retain",
    },
    "TestFirewallAutoScalingServiceLinkedRoleServiceLinkedRoleAutoscalingAmazonawsComServiceLinkedRoleAutoscalingAmazonawsComFunctionD10AF7C4": {
      "DependsOn": [
        "TestFirewallAutoScalingServiceLinkedRoleServiceLinkedRoleAutoscalingAmazonawsComServiceLinkedRoleAutoscalingAmazonawsComFunctionServiceRoleDefaultPolicy03F7F7FF",
        "TestFirewallAutoScalingServiceLinkedRoleServiceLinkedRoleAutoscalingAmazonawsComServiceLinkedRoleAutoscalingAmazonawsComFunctionServiceRole3B01913F",
      ],
      "Properties": {
        "Code": {
          "S3Bucket": {
            "Fn::Sub": "cdk-hnb659fds-assets-\${AWS::AccountId}-\${AWS::Region}",
          },
          "S3Key": "REPLACED-GENERATED-NAME.zip",
        },
        "Description": "Accelerator deployed ServiceLinkedRoleAutoscalingAmazonawsCom custom resource lambda function.",
        "Handler": "index.handler",
        "KmsKeyArn": {
          "Fn::GetAtt": [
            "CustomKey1E6D0D07",
            "Arn",
          ],
        },
        "MemorySize": 256,
        "Role": {
          "Fn::GetAtt": [
            "TestFirewallAutoScalingServiceLinkedRoleServiceLinkedRoleAutoscalingAmazonawsComServiceLinkedRoleAutoscalingAmazonawsComFunctionServiceRole3B01913F",
            "Arn",
          ],
        },
        "Runtime": "nodejs16.x",
        "Timeout": 900,
      },
      "Type": "AWS::Lambda::Function",
    },
    "TestFirewallAutoScalingServiceLinkedRoleServiceLinkedRoleAutoscalingAmazonawsComServiceLinkedRoleAutoscalingAmazonawsComFunctionLogGroup377375B1": {
      "DeletionPolicy": "Delete",
      "Properties": {
        "KmsKeyId": {
          "Fn::GetAtt": [
            "CustomKeyCloudWatchFB91CD4E",
            "Arn",
          ],
        },
        "LogGroupName": {
          "Fn::Join": [
            "",
            [
              "/aws/lambda/",
              {
                "Ref": "TestFirewallAutoScalingServiceLinkedRoleServiceLinkedRoleAutoscalingAmazonawsComServiceLinkedRoleAutoscalingAmazonawsComFunctionD10AF7C4",
              },
            ],
          ],
        },
        "RetentionInDays": 3653,
      },
      "Type": "AWS::Logs::LogGroup",
      "UpdateReplacePolicy": "Delete",
    },
    "TestFirewallAutoScalingServiceLinkedRoleServiceLinkedRoleAutoscalingAmazonawsComServiceLinkedRoleAutoscalingAmazonawsComFunctionServiceRole3B01913F": {
      "Metadata": {
        "cdk_nag": {
          "rules_to_suppress": [
            {
              "id": "AwsSolutions-IAM4",
              "reason": "AWS Custom resource provider framework-role created by cdk.",
            },
          ],
        },
      },
      "Properties": {
        "AssumeRolePolicyDocument": {
          "Statement": [
            {
              "Action": "sts:AssumeRole",
              "Effect": "Allow",
              "Principal": {
                "Service": "lambda.amazonaws.com",
              },
            },
          ],
          "Version": "2012-10-17",
        },
        "ManagedPolicyArns": [
          {
            "Fn::Join": [
              "",
              [
                "arn:",
                {
                  "Ref": "AWS::Partition",
                },
                ":iam::aws:policy/service-role/AWSLambdaBasicExecutionRole",
              ],
            ],
          },
        ],
      },
      "Type": "AWS::IAM::Role",
    },
    "TestFirewallAutoScalingServiceLinkedRoleServiceLinkedRoleAutoscalingAmazonawsComServiceLinkedRoleAutoscalingAmazonawsComFunctionServiceRoleDefaultPolicy03F7F7FF": {
      "Metadata": {
        "cdk_nag": {
          "rules_to_suppress": [
            {
              "id": "AwsSolutions-IAM5",
              "reason": "Allows only specific policy.",
            },
          ],
        },
      },
      "Properties": {
        "PolicyDocument": {
          "Statement": [
            {
              "Action": [
                "iam:CreateServiceLinkedRole",
                "iam:GetRole",
              ],
              "Effect": "Allow",
              "Resource": "*",
            },
          ],
          "Version": "2012-10-17",
        },
        "PolicyName": "nkedRoleServiceLinkedRoleAutoscalingAmazonawsComServiceLinkedRoleAutoscalingAmazonawsComFunctionServiceRoleDefaultPolicy03F7F7FF",
        "Roles": [
          {
            "Ref": "TestFirewallAutoScalingServiceLinkedRoleServiceLinkedRoleAutoscalingAmazonawsComServiceLinkedRoleAutoscalingAmazonawsComFunctionServiceRole3B01913F",
          },
        ],
      },
      "Type": "AWS::IAM::Policy",
    },
    "TestFirewallAutoScalingServiceLinkedRoleServiceLinkedRoleAutoscalingAmazonawsComServiceLinkedRoleAutoscalingAmazonawsComResourceF1B1A78C": {
      "DeletionPolicy": "Delete",
      "Properties": {
        "ServiceToken": {
          "Fn::GetAtt": [
            "TestFirewallAutoScalingServiceLinkedRoleServiceLinkedRoleAutoscalingAmazonawsComframeworkonEvent1598258C",
            "Arn",
          ],
        },
        "description": "Default Service-Linked Role enables access to AWS Services and Resources used or managed by Auto Scaling",
        "roleName": "AWSServiceRoleForAutoScaling",
        "serviceName": "autoscaling.amazonaws.com",
        "uuid": "REPLACED-UUID",
      },
      "Type": "AWS::CloudFormation::CustomResource",
      "UpdateReplacePolicy": "Delete",
    },
    "TestFirewallAutoScalingServiceLinkedRoleServiceLinkedRoleAutoscalingAmazonawsComframeworkonEvent1598258C": {
      "DependsOn": [
        "TestFirewallAutoScalingServiceLinkedRoleServiceLinkedRoleAutoscalingAmazonawsComframeworkonEventServiceRoleDefaultPolicyD24B7D12",
        "TestFirewallAutoScalingServiceLinkedRoleServiceLinkedRoleAutoscalingAmazonawsComframeworkonEventServiceRole3FC199A5",
      ],
      "Properties": {
        "Code": {
          "S3Bucket": {
            "Fn::Sub": "cdk-hnb659fds-assets-\${AWS::AccountId}-\${AWS::Region}",
          },
          "S3Key": "REPLACED-GENERATED-NAME.zip",
        },
        "Description": "AWS CDK resource provider framework - onEvent (Default/TestFirewall/Resource/AutoScalingServiceLinkedRole/ServiceLinkedRoleAutoscalingAmazonawsCom/Resource)",
        "Environment": {
          "Variables": {
            "USER_ON_EVENT_FUNCTION_ARN": {
              "Fn::GetAtt": [
                "TestFirewallAutoScalingServiceLinkedRoleServiceLinkedRoleAutoscalingAmazonawsComServiceLinkedRoleAutoscalingAmazonawsComFunctionD10AF7C4",
                "Arn",
              ],
            },
          },
        },
        "Handler": "framework.onEvent",
        "Role": {
          "Fn::GetAtt": [
            "TestFirewallAutoScalingServiceLinkedRoleServiceLinkedRoleAutoscalingAmazonawsComframeworkonEventServiceRole3FC199A5",
            "Arn",
          ],
        },
        "Runtime": "nodejs14.x",
        "Timeout": 900,
      },
      "Type": "AWS::Lambda::Function",
    },
    "TestFirewallAutoScalingServiceLinkedRoleServiceLinkedRoleAutoscalingAmazonawsComframeworkonEventServiceRole3FC199A5": {
      "Metadata": {
        "cdk_nag": {
          "rules_to_suppress": [
            {
              "id": "AwsSolutions-IAM4",
              "reason": "AWS Custom resource provider framework-role created by cdk.",
            },
          ],
        },
      },
      "Properties": {
        "AssumeRolePolicyDocument": {
          "Statement": [
            {
              "Action": "sts:AssumeRole",
              "Effect": "Allow",
              "Principal": {
                "Service": "lambda.amazonaws.com",
              },
            },
          ],
          "Version": "2012-10-17",
        },
        "ManagedPolicyArns": [
          {
            "Fn::Join": [
              "",
              [
                "arn:",
                {
                  "Ref": "AWS::Partition",
                },
                ":iam::aws:policy/service-role/AWSLambdaBasicExecutionRole",
              ],
            ],
          },
        ],
      },
      "Type": "AWS::IAM::Role",
    },
    "TestFirewallAutoScalingServiceLinkedRoleServiceLinkedRoleAutoscalingAmazonawsComframeworkonEventServiceRoleDefaultPolicyD24B7D12": {
      "Metadata": {
        "cdk_nag": {
          "rules_to_suppress": [
            {
              "id": "AwsSolutions-IAM5",
              "reason": "Allows only specific policy.",
            },
          ],
        },
      },
      "Properties": {
        "PolicyDocument": {
          "Statement": [
            {
              "Action": "lambda:InvokeFunction",
              "Effect": "Allow",
              "Resource": [
                {
                  "Fn::GetAtt": [
                    "TestFirewallAutoScalingServiceLinkedRoleServiceLinkedRoleAutoscalingAmazonawsComServiceLinkedRoleAutoscalingAmazonawsComFunctionD10AF7C4",
                    "Arn",
                  ],
                },
                {
                  "Fn::Join": [
                    "",
                    [
                      {
                        "Fn::GetAtt": [
                          "TestFirewallAutoScalingServiceLinkedRoleServiceLinkedRoleAutoscalingAmazonawsComServiceLinkedRoleAutoscalingAmazonawsComFunctionD10AF7C4",
                          "Arn",
                        ],
                      },
                      ":*",
                    ],
                  ],
                },
              ],
            },
          ],
          "Version": "2012-10-17",
        },
        "PolicyName": "TestFirewallAutoScalingServiceLinkedRoleServiceLinkedRoleAutoscalingAmazonawsComframeworkonEventServiceRoleDefaultPolicyD24B7D12",
        "Roles": [
          {
            "Ref": "TestFirewallAutoScalingServiceLinkedRoleServiceLinkedRoleAutoscalingAmazonawsComframeworkonEventServiceRole3FC199A5",
          },
        ],
      },
      "Type": "AWS::IAM::Policy",
    },
    "TestFirewallF12A004C": {
      "Properties": {
        "DesiredCapacity": "2",
        "HealthCheckGracePeriod": 300,
        "HealthCheckType": "ELB",
        "LaunchTemplate": {
          "LaunchTemplateId": {
            "Ref": "TestFirewallLaunchTemplateFF1988AF",
          },
          "Version": {
            "Fn::GetAtt": [
              "TestFirewallLaunchTemplateFF1988AF",
              "LatestVersionNumber",
            ],
          },
        },
        "MaxSize": "4",
        "MinSize": "1",
        "Tags": [
          {
            "Key": "Name",
            "PropagateAtLaunch": true,
            "Value": "Test",
          },
        ],
        "TargetGroupARNs": [],
        "VPCZoneIdentifier": [
          "subnet-123xyz",
          "subnet-456abc",
        ],
      },
      "Type": "AWS::AutoScaling::AutoScalingGroup",
    },
    "TestFirewallLaunchTemplateFF1988AF": {
      "Properties": {
        "LaunchTemplateData": {
          "BlockDeviceMappings": [
            {
              "DeviceName": "dev/xvda",
              "Ebs": {
                "Encrypted": true,
              },
            },
          ],
          "IamInstanceProfile": {},
          "ImageId": "ami-123xyz",
          "InstanceType": "t3.large",
          "MetadataOptions": {
            "HttpTokens": "required",
          },
          "NetworkInterfaces": [
            {
              "DeviceIndex": 0,
              "Groups": [
                "Test",
              ],
              "SubnetId": "subnet-123xyz",
            },
          ],
          "SecurityGroupIds": [],
          "UserData": {
            "Fn::Base64": "S3 bucket name: test-bucket",
          },
        },
        "LaunchTemplateName": "test-firewall",
      },
      "Type": "AWS::EC2::LaunchTemplate",
    },
  },
}
`;
