// Jest Snapshot v1, https://goo.gl/fbAQLP

exports[`TransitGatewayStaticRoute Construct(TransitGatewayStaticRoute):  Snapshot Test 1`] = `
{
  "Resources": {
    "TransitGatewayStaticRoute761B0FE9": {
      "Properties": {
        "Blackhole": false,
        "DestinationCidrBlock": "10.0.0.0/16",
        "TransitGatewayAttachmentId": "tgw-123123",
        "TransitGatewayRouteTableId": "1234",
      },
      "Type": "AWS::EC2::TransitGatewayRoute",
    },
    "TransitGatewayStaticRouteCustomCustomResourceCustomResourceResource413D39B8": {
      "DeletionPolicy": "Delete",
      "Properties": {
        "ServiceToken": {
          "Fn::GetAtt": [
            "TransitGatewayStaticRouteCustomCustomResourceframeworkonEvent99125A40",
            "Arn",
          ],
        },
        "blackhole": false,
        "destinationCidrBlock": "10.0.0.0/16",
        "transitGatewayAttachmentId": "tgw-123123",
        "transitGatewayRouteTableId": "1234",
      },
      "Type": "AWS::CloudFormation::CustomResource",
      "UpdateReplacePolicy": "Delete",
    },
    "TransitGatewayStaticRouteCustomCustomResourceframeworkonEvent99125A40": {
      "DependsOn": [
        "TransitGatewayStaticRouteCustomCustomResourceframeworkonEventServiceRoleDefaultPolicyC604837D",
        "TransitGatewayStaticRouteCustomCustomResourceframeworkonEventServiceRoleA41D6437",
      ],
      "Properties": {
        "Code": {
          "S3Bucket": {
            "Fn::Sub": "cdk-hnb659fds-assets-\${AWS::AccountId}-\${AWS::Region}",
          },
          "S3Key": "REPLACED-GENERATED-NAME.zip",
        },
        "Description": "AWS CDK resource provider framework - onEvent (Default/TransitGatewayStaticRouteCustom/CustomResource/Resource)",
        "Environment": {
          "Variables": {
            "USER_ON_EVENT_FUNCTION_ARN": {
              "Fn::Join": [
                "",
                [
                  "arn:",
                  {
                    "Ref": "AWS::Partition",
                  },
                  ":lambda:",
                  {
                    "Ref": "AWS::Region",
                  },
                  ":",
                  {
                    "Ref": "AWS::AccountId",
                  },
                  ":function:test",
                ],
              ],
            },
          },
        },
        "Handler": "framework.onEvent",
        "Role": {
          "Fn::GetAtt": [
            "TransitGatewayStaticRouteCustomCustomResourceframeworkonEventServiceRoleA41D6437",
            "Arn",
          ],
        },
        "Runtime": "nodejs18.x",
        "Timeout": 900,
      },
      "Type": "AWS::Lambda::Function",
    },
    "TransitGatewayStaticRouteCustomCustomResourceframeworkonEventServiceRoleA41D6437": {
      "Metadata": {
        "cdk_nag": {
          "rules_to_suppress": [
            {
              "id": "AwsSolutions-IAM4",
              "reason": "AWS Custom resource provider framework-role created by cdk.",
            },
          ],
        },
      },
      "Properties": {
        "AssumeRolePolicyDocument": {
          "Statement": [
            {
              "Action": "sts:AssumeRole",
              "Effect": "Allow",
              "Principal": {
                "Service": "lambda.amazonaws.com",
              },
            },
          ],
          "Version": "2012-10-17",
        },
        "ManagedPolicyArns": [
          {
            "Fn::Join": [
              "",
              [
                "arn:",
                {
                  "Ref": "AWS::Partition",
                },
                ":iam::aws:policy/service-role/AWSLambdaBasicExecutionRole",
              ],
            ],
          },
        ],
      },
      "Type": "AWS::IAM::Role",
    },
    "TransitGatewayStaticRouteCustomCustomResourceframeworkonEventServiceRoleDefaultPolicyC604837D": {
      "Metadata": {
        "cdk_nag": {
          "rules_to_suppress": [
            {
              "id": "AwsSolutions-IAM5",
              "reason": "Allows only specific policy.",
            },
          ],
        },
      },
      "Properties": {
        "PolicyDocument": {
          "Statement": [
            {
              "Action": "lambda:InvokeFunction",
              "Effect": "Allow",
              "Resource": [
                {
                  "Fn::Join": [
                    "",
                    [
                      "arn:",
                      {
                        "Ref": "AWS::Partition",
                      },
                      ":lambda:",
                      {
                        "Ref": "AWS::Region",
                      },
                      ":",
                      {
                        "Ref": "AWS::AccountId",
                      },
                      ":function:test",
                    ],
                  ],
                },
                {
                  "Fn::Join": [
                    "",
                    [
                      "arn:",
                      {
                        "Ref": "AWS::Partition",
                      },
                      ":lambda:",
                      {
                        "Ref": "AWS::Region",
                      },
                      ":",
                      {
                        "Ref": "AWS::AccountId",
                      },
                      ":function:test:*",
                    ],
                  ],
                },
              ],
            },
          ],
          "Version": "2012-10-17",
        },
        "PolicyName": "TransitGatewayStaticRouteCustomCustomResourceframeworkonEventServiceRoleDefaultPolicyC604837D",
        "Roles": [
          {
            "Ref": "TransitGatewayStaticRouteCustomCustomResourceframeworkonEventServiceRoleA41D6437",
          },
        ],
      },
      "Type": "AWS::IAM::Policy",
    },
  },
}
`;
