// Jest Snapshot v1, https://goo.gl/fbAQLP

exports[`ServiceLinkedRole Construct(ServiceLinkedRole):  Snapshot Test 1`] = `
{
  "Resources": {
    "CustomKey1E6D0D07": {
      "DeletionPolicy": "Retain",
      "Properties": {
        "KeyPolicy": {
          "Statement": [
            {
              "Action": "kms:*",
              "Effect": "Allow",
              "Principal": {
                "AWS": {
                  "Fn::Join": [
                    "",
                    [
                      "arn:",
                      {
                        "Ref": "AWS::Partition",
                      },
                      ":iam::",
                      {
                        "Ref": "AWS::AccountId",
                      },
                      ":root",
                    ],
                  ],
                },
              },
              "Resource": "*",
            },
          ],
          "Version": "2012-10-17",
        },
      },
      "Type": "AWS::KMS::Key",
      "UpdateReplacePolicy": "Retain",
    },
    "CustomKeyCloudWatchFB91CD4E": {
      "DeletionPolicy": "Retain",
      "Properties": {
        "KeyPolicy": {
          "Statement": [
            {
              "Action": "kms:*",
              "Effect": "Allow",
              "Principal": {
                "AWS": {
                  "Fn::Join": [
                    "",
                    [
                      "arn:",
                      {
                        "Ref": "AWS::Partition",
                      },
                      ":iam::",
                      {
                        "Ref": "AWS::AccountId",
                      },
                      ":root",
                    ],
                  ],
                },
              },
              "Resource": "*",
            },
          ],
          "Version": "2012-10-17",
        },
      },
      "Type": "AWS::KMS::Key",
      "UpdateReplacePolicy": "Retain",
    },
    "ServiceLinkedRoleServiceLinkedRoleAwesomeServiceAmazonawsComServiceLinkedRoleAwesomeServiceAmazonawsComFunction32AAECE6": {
      "DependsOn": [
        "ServiceLinkedRoleServiceLinkedRoleAwesomeServiceAmazonawsComServiceLinkedRoleAwesomeServiceAmazonawsComFunctionServiceRoleDefaultPolicy679D87F0",
        "ServiceLinkedRoleServiceLinkedRoleAwesomeServiceAmazonawsComServiceLinkedRoleAwesomeServiceAmazonawsComFunctionServiceRoleFE1F10E9",
      ],
      "Properties": {
        "Code": {
          "S3Bucket": {
            "Fn::Sub": "cdk-hnb659fds-assets-\${AWS::AccountId}-\${AWS::Region}",
          },
          "S3Key": "REPLACED-GENERATED-NAME.zip",
        },
        "Description": "Accelerator deployed ServiceLinkedRoleAwesomeServiceAmazonawsCom custom resource lambda function.",
        "Handler": "index.handler",
        "KmsKeyArn": {
          "Fn::GetAtt": [
            "CustomKey1E6D0D07",
            "Arn",
          ],
        },
        "MemorySize": 256,
        "Role": {
          "Fn::GetAtt": [
            "ServiceLinkedRoleServiceLinkedRoleAwesomeServiceAmazonawsComServiceLinkedRoleAwesomeServiceAmazonawsComFunctionServiceRoleFE1F10E9",
            "Arn",
          ],
        },
        "Runtime": "nodejs16.x",
        "Timeout": 900,
      },
      "Type": "AWS::Lambda::Function",
    },
    "ServiceLinkedRoleServiceLinkedRoleAwesomeServiceAmazonawsComServiceLinkedRoleAwesomeServiceAmazonawsComFunctionLogGroupF3A246D6": {
      "DeletionPolicy": "Delete",
      "Properties": {
        "KmsKeyId": {
          "Fn::GetAtt": [
            "CustomKeyCloudWatchFB91CD4E",
            "Arn",
          ],
        },
        "LogGroupName": {
          "Fn::Join": [
            "",
            [
              "/aws/lambda/",
              {
                "Ref": "ServiceLinkedRoleServiceLinkedRoleAwesomeServiceAmazonawsComServiceLinkedRoleAwesomeServiceAmazonawsComFunction32AAECE6",
              },
            ],
          ],
        },
        "RetentionInDays": 3653,
      },
      "Type": "AWS::Logs::LogGroup",
      "UpdateReplacePolicy": "Delete",
    },
    "ServiceLinkedRoleServiceLinkedRoleAwesomeServiceAmazonawsComServiceLinkedRoleAwesomeServiceAmazonawsComFunctionServiceRoleDefaultPolicy679D87F0": {
      "Metadata": {
        "cdk_nag": {
          "rules_to_suppress": [
            {
              "id": "AwsSolutions-IAM5",
              "reason": "Allows only specific policy.",
            },
          ],
        },
      },
      "Properties": {
        "PolicyDocument": {
          "Statement": [
            {
              "Action": [
                "iam:CreateServiceLinkedRole",
                "iam:GetRole",
              ],
              "Effect": "Allow",
              "Resource": "*",
            },
          ],
          "Version": "2012-10-17",
        },
        "PolicyName": "leServiceLinkedRoleAwesomeServiceAmazonawsComServiceLinkedRoleAwesomeServiceAmazonawsComFunctionServiceRoleDefaultPolicy679D87F0",
        "Roles": [
          {
            "Ref": "ServiceLinkedRoleServiceLinkedRoleAwesomeServiceAmazonawsComServiceLinkedRoleAwesomeServiceAmazonawsComFunctionServiceRoleFE1F10E9",
          },
        ],
      },
      "Type": "AWS::IAM::Policy",
    },
    "ServiceLinkedRoleServiceLinkedRoleAwesomeServiceAmazonawsComServiceLinkedRoleAwesomeServiceAmazonawsComFunctionServiceRoleFE1F10E9": {
      "Metadata": {
        "cdk_nag": {
          "rules_to_suppress": [
            {
              "id": "AwsSolutions-IAM4",
              "reason": "AWS Custom resource provider framework-role created by cdk.",
            },
          ],
        },
      },
      "Properties": {
        "AssumeRolePolicyDocument": {
          "Statement": [
            {
              "Action": "sts:AssumeRole",
              "Effect": "Allow",
              "Principal": {
                "Service": "lambda.amazonaws.com",
              },
            },
          ],
          "Version": "2012-10-17",
        },
        "ManagedPolicyArns": [
          {
            "Fn::Join": [
              "",
              [
                "arn:",
                {
                  "Ref": "AWS::Partition",
                },
                ":iam::aws:policy/service-role/AWSLambdaBasicExecutionRole",
              ],
            ],
          },
        ],
      },
      "Type": "AWS::IAM::Role",
    },
    "ServiceLinkedRoleServiceLinkedRoleAwesomeServiceAmazonawsComServiceLinkedRoleAwesomeServiceAmazonawsComResource29D1FE07": {
      "DeletionPolicy": "Delete",
      "Properties": {
        "ServiceToken": {
          "Fn::GetAtt": [
            "ServiceLinkedRoleServiceLinkedRoleAwesomeServiceAmazonawsComframeworkonEvent2D7AB371",
            "Arn",
          ],
        },
        "description": "some description",
        "roleName": "AWSServiceRoleForAwesomeService",
        "serviceName": "awesomeService.amazonaws.com",
        "uuid": "REPLACED-UUID",
      },
      "Type": "AWS::CloudFormation::CustomResource",
      "UpdateReplacePolicy": "Delete",
    },
    "ServiceLinkedRoleServiceLinkedRoleAwesomeServiceAmazonawsComframeworkonEvent2D7AB371": {
      "DependsOn": [
        "ServiceLinkedRoleServiceLinkedRoleAwesomeServiceAmazonawsComframeworkonEventServiceRoleDefaultPolicy7C0F0B08",
        "ServiceLinkedRoleServiceLinkedRoleAwesomeServiceAmazonawsComframeworkonEventServiceRole9376F764",
      ],
      "Properties": {
        "Code": {
          "S3Bucket": {
            "Fn::Sub": "cdk-hnb659fds-assets-\${AWS::AccountId}-\${AWS::Region}",
          },
          "S3Key": "REPLACED-GENERATED-NAME.zip",
        },
        "Description": "AWS CDK resource provider framework - onEvent (Default/ServiceLinkedRole/ServiceLinkedRoleAwesomeServiceAmazonawsCom/Resource)",
        "Environment": {
          "Variables": {
            "USER_ON_EVENT_FUNCTION_ARN": {
              "Fn::GetAtt": [
                "ServiceLinkedRoleServiceLinkedRoleAwesomeServiceAmazonawsComServiceLinkedRoleAwesomeServiceAmazonawsComFunction32AAECE6",
                "Arn",
              ],
            },
          },
        },
        "Handler": "framework.onEvent",
        "Role": {
          "Fn::GetAtt": [
            "ServiceLinkedRoleServiceLinkedRoleAwesomeServiceAmazonawsComframeworkonEventServiceRole9376F764",
            "Arn",
          ],
        },
        "Runtime": "nodejs14.x",
        "Timeout": 900,
      },
      "Type": "AWS::Lambda::Function",
    },
    "ServiceLinkedRoleServiceLinkedRoleAwesomeServiceAmazonawsComframeworkonEventServiceRole9376F764": {
      "Metadata": {
        "cdk_nag": {
          "rules_to_suppress": [
            {
              "id": "AwsSolutions-IAM4",
              "reason": "AWS Custom resource provider framework-role created by cdk.",
            },
          ],
        },
      },
      "Properties": {
        "AssumeRolePolicyDocument": {
          "Statement": [
            {
              "Action": "sts:AssumeRole",
              "Effect": "Allow",
              "Principal": {
                "Service": "lambda.amazonaws.com",
              },
            },
          ],
          "Version": "2012-10-17",
        },
        "ManagedPolicyArns": [
          {
            "Fn::Join": [
              "",
              [
                "arn:",
                {
                  "Ref": "AWS::Partition",
                },
                ":iam::aws:policy/service-role/AWSLambdaBasicExecutionRole",
              ],
            ],
          },
        ],
      },
      "Type": "AWS::IAM::Role",
    },
    "ServiceLinkedRoleServiceLinkedRoleAwesomeServiceAmazonawsComframeworkonEventServiceRoleDefaultPolicy7C0F0B08": {
      "Metadata": {
        "cdk_nag": {
          "rules_to_suppress": [
            {
              "id": "AwsSolutions-IAM5",
              "reason": "Allows only specific policy.",
            },
          ],
        },
      },
      "Properties": {
        "PolicyDocument": {
          "Statement": [
            {
              "Action": "lambda:InvokeFunction",
              "Effect": "Allow",
              "Resource": [
                {
                  "Fn::GetAtt": [
                    "ServiceLinkedRoleServiceLinkedRoleAwesomeServiceAmazonawsComServiceLinkedRoleAwesomeServiceAmazonawsComFunction32AAECE6",
                    "Arn",
                  ],
                },
                {
                  "Fn::Join": [
                    "",
                    [
                      {
                        "Fn::GetAtt": [
                          "ServiceLinkedRoleServiceLinkedRoleAwesomeServiceAmazonawsComServiceLinkedRoleAwesomeServiceAmazonawsComFunction32AAECE6",
                          "Arn",
                        ],
                      },
                      ":*",
                    ],
                  ],
                },
              ],
            },
          ],
          "Version": "2012-10-17",
        },
        "PolicyName": "ServiceLinkedRoleServiceLinkedRoleAwesomeServiceAmazonawsComframeworkonEventServiceRoleDefaultPolicy7C0F0B08",
        "Roles": [
          {
            "Ref": "ServiceLinkedRoleServiceLinkedRoleAwesomeServiceAmazonawsComframeworkonEventServiceRole9376F764",
          },
        ],
      },
      "Type": "AWS::IAM::Policy",
    },
  },
}
`;
