// Jest Snapshot v1, https://goo.gl/fbAQLP

exports[`AutoscalingGroup Construct(AutoscalingGroup):  Snapshot Test 1`] = `
{
  "Resources": {
    "CustomKey1E6D0D07": {
      "DeletionPolicy": "Retain",
      "Properties": {
        "KeyPolicy": {
          "Statement": [
            {
              "Action": "kms:*",
              "Effect": "Allow",
              "Principal": {
                "AWS": {
                  "Fn::Join": [
                    "",
                    [
                      "arn:",
                      {
                        "Ref": "AWS::Partition",
                      },
                      ":iam::",
                      {
                        "Ref": "AWS::AccountId",
                      },
                      ":root",
                    ],
                  ],
                },
              },
              "Resource": "*",
            },
          ],
          "Version": "2012-10-17",
        },
      },
      "Type": "AWS::KMS::Key",
      "UpdateReplacePolicy": "Retain",
    },
    "CustomKeyCloudWatchFB91CD4E": {
      "DeletionPolicy": "Retain",
      "Properties": {
        "KeyPolicy": {
          "Statement": [
            {
              "Action": "kms:*",
              "Effect": "Allow",
              "Principal": {
                "AWS": {
                  "Fn::Join": [
                    "",
                    [
                      "arn:",
                      {
                        "Ref": "AWS::Partition",
                      },
                      ":iam::",
                      {
                        "Ref": "AWS::AccountId",
                      },
                      ":root",
                    ],
                  ],
                },
              },
              "Resource": "*",
            },
          ],
          "Version": "2012-10-17",
        },
      },
      "Type": "AWS::KMS::Key",
      "UpdateReplacePolicy": "Retain",
    },
    "Test7BFAF513": {
      "Properties": {
        "DesiredCapacity": "2",
        "HealthCheckGracePeriod": 300,
        "HealthCheckType": "ELB",
        "LaunchTemplate": {
          "LaunchTemplateId": "string",
          "Version": "string",
        },
        "MaxSize": "4",
        "MinSize": "1",
        "Tags": [
          {
            "Key": "key",
            "PropagateAtLaunch": true,
            "Value": "value",
          },
        ],
        "TargetGroupARNs": [
          "string",
        ],
        "VPCZoneIdentifier": [
          "string",
        ],
      },
      "Type": "AWS::AutoScaling::AutoScalingGroup",
    },
    "TestAutoScalingServiceLinkedRoleServiceLinkedRoleAutoscalingAmazonawsComServiceLinkedRoleAutoscalingAmazonawsComFunction48E7F3B6": {
      "DependsOn": [
        "TestAutoScalingServiceLinkedRoleServiceLinkedRoleAutoscalingAmazonawsComServiceLinkedRoleAutoscalingAmazonawsComFunctionServiceRoleDefaultPolicyB7FB5D8A",
        "TestAutoScalingServiceLinkedRoleServiceLinkedRoleAutoscalingAmazonawsComServiceLinkedRoleAutoscalingAmazonawsComFunctionServiceRole40EA4F5C",
      ],
      "Properties": {
        "Code": {
          "S3Bucket": {
            "Fn::Sub": "cdk-hnb659fds-assets-\${AWS::AccountId}-\${AWS::Region}",
          },
          "S3Key": "REPLACED-GENERATED-NAME.zip",
        },
        "Description": "Accelerator deployed ServiceLinkedRoleAutoscalingAmazonawsCom custom resource lambda function.",
        "Handler": "index.handler",
        "KmsKeyArn": {
          "Fn::GetAtt": [
            "CustomKey1E6D0D07",
            "Arn",
          ],
        },
        "MemorySize": 256,
        "Role": {
          "Fn::GetAtt": [
            "TestAutoScalingServiceLinkedRoleServiceLinkedRoleAutoscalingAmazonawsComServiceLinkedRoleAutoscalingAmazonawsComFunctionServiceRole40EA4F5C",
            "Arn",
          ],
        },
        "Runtime": "nodejs16.x",
        "Timeout": 900,
      },
      "Type": "AWS::Lambda::Function",
    },
    "TestAutoScalingServiceLinkedRoleServiceLinkedRoleAutoscalingAmazonawsComServiceLinkedRoleAutoscalingAmazonawsComFunctionLogGroupAF16E97B": {
      "DeletionPolicy": "Delete",
      "Properties": {
        "KmsKeyId": {
          "Fn::GetAtt": [
            "CustomKeyCloudWatchFB91CD4E",
            "Arn",
          ],
        },
        "LogGroupName": {
          "Fn::Join": [
            "",
            [
              "/aws/lambda/",
              {
                "Ref": "TestAutoScalingServiceLinkedRoleServiceLinkedRoleAutoscalingAmazonawsComServiceLinkedRoleAutoscalingAmazonawsComFunction48E7F3B6",
              },
            ],
          ],
        },
        "RetentionInDays": 3653,
      },
      "Type": "AWS::Logs::LogGroup",
      "UpdateReplacePolicy": "Delete",
    },
    "TestAutoScalingServiceLinkedRoleServiceLinkedRoleAutoscalingAmazonawsComServiceLinkedRoleAutoscalingAmazonawsComFunctionServiceRole40EA4F5C": {
      "Properties": {
        "AssumeRolePolicyDocument": {
          "Statement": [
            {
              "Action": "sts:AssumeRole",
              "Effect": "Allow",
              "Principal": {
                "Service": "lambda.amazonaws.com",
              },
            },
          ],
          "Version": "2012-10-17",
        },
        "ManagedPolicyArns": [
          {
            "Fn::Join": [
              "",
              [
                "arn:",
                {
                  "Ref": "AWS::Partition",
                },
                ":iam::aws:policy/service-role/AWSLambdaBasicExecutionRole",
              ],
            ],
          },
        ],
      },
      "Type": "AWS::IAM::Role",
    },
    "TestAutoScalingServiceLinkedRoleServiceLinkedRoleAutoscalingAmazonawsComServiceLinkedRoleAutoscalingAmazonawsComFunctionServiceRoleDefaultPolicyB7FB5D8A": {
      "Properties": {
        "PolicyDocument": {
          "Statement": [
            {
              "Action": [
                "iam:CreateServiceLinkedRole",
                "iam:GetRole",
              ],
              "Effect": "Allow",
              "Resource": "*",
            },
          ],
          "Version": "2012-10-17",
        },
        "PolicyName": "nkedRoleServiceLinkedRoleAutoscalingAmazonawsComServiceLinkedRoleAutoscalingAmazonawsComFunctionServiceRoleDefaultPolicyB7FB5D8A",
        "Roles": [
          {
            "Ref": "TestAutoScalingServiceLinkedRoleServiceLinkedRoleAutoscalingAmazonawsComServiceLinkedRoleAutoscalingAmazonawsComFunctionServiceRole40EA4F5C",
          },
        ],
      },
      "Type": "AWS::IAM::Policy",
    },
    "TestAutoScalingServiceLinkedRoleServiceLinkedRoleAutoscalingAmazonawsComServiceLinkedRoleAutoscalingAmazonawsComResourceFA996200": {
      "DeletionPolicy": "Delete",
      "Properties": {
        "ServiceToken": {
          "Fn::GetAtt": [
            "TestAutoScalingServiceLinkedRoleServiceLinkedRoleAutoscalingAmazonawsComframeworkonEvent48B8D4E8",
            "Arn",
          ],
        },
        "description": "Default Service-Linked Role enables access to AWS Services and Resources used or managed by Auto Scaling",
        "roleName": "AWSServiceRoleForAutoScaling",
        "serviceName": "autoscaling.amazonaws.com",
        "uuid": "REPLACED-UUID",
      },
      "Type": "AWS::CloudFormation::CustomResource",
      "UpdateReplacePolicy": "Delete",
    },
    "TestAutoScalingServiceLinkedRoleServiceLinkedRoleAutoscalingAmazonawsComframeworkonEvent48B8D4E8": {
      "DependsOn": [
        "TestAutoScalingServiceLinkedRoleServiceLinkedRoleAutoscalingAmazonawsComframeworkonEventServiceRoleDefaultPolicy3FDE0AC8",
        "TestAutoScalingServiceLinkedRoleServiceLinkedRoleAutoscalingAmazonawsComframeworkonEventServiceRoleA330AA0A",
      ],
      "Properties": {
        "Code": {
          "S3Bucket": {
            "Fn::Sub": "cdk-hnb659fds-assets-\${AWS::AccountId}-\${AWS::Region}",
          },
          "S3Key": "REPLACED-GENERATED-NAME.zip",
        },
        "Description": "AWS CDK resource provider framework - onEvent (Default/Test/AutoScalingServiceLinkedRole/ServiceLinkedRoleAutoscalingAmazonawsCom/Resource)",
        "Environment": {
          "Variables": {
            "USER_ON_EVENT_FUNCTION_ARN": {
              "Fn::GetAtt": [
                "TestAutoScalingServiceLinkedRoleServiceLinkedRoleAutoscalingAmazonawsComServiceLinkedRoleAutoscalingAmazonawsComFunction48E7F3B6",
                "Arn",
              ],
            },
          },
        },
        "Handler": "framework.onEvent",
        "Role": {
          "Fn::GetAtt": [
            "TestAutoScalingServiceLinkedRoleServiceLinkedRoleAutoscalingAmazonawsComframeworkonEventServiceRoleA330AA0A",
            "Arn",
          ],
        },
        "Runtime": "nodejs14.x",
        "Timeout": 900,
      },
      "Type": "AWS::Lambda::Function",
    },
    "TestAutoScalingServiceLinkedRoleServiceLinkedRoleAutoscalingAmazonawsComframeworkonEventServiceRoleA330AA0A": {
      "Properties": {
        "AssumeRolePolicyDocument": {
          "Statement": [
            {
              "Action": "sts:AssumeRole",
              "Effect": "Allow",
              "Principal": {
                "Service": "lambda.amazonaws.com",
              },
            },
          ],
          "Version": "2012-10-17",
        },
        "ManagedPolicyArns": [
          {
            "Fn::Join": [
              "",
              [
                "arn:",
                {
                  "Ref": "AWS::Partition",
                },
                ":iam::aws:policy/service-role/AWSLambdaBasicExecutionRole",
              ],
            ],
          },
        ],
      },
      "Type": "AWS::IAM::Role",
    },
    "TestAutoScalingServiceLinkedRoleServiceLinkedRoleAutoscalingAmazonawsComframeworkonEventServiceRoleDefaultPolicy3FDE0AC8": {
      "Properties": {
        "PolicyDocument": {
          "Statement": [
            {
              "Action": "lambda:InvokeFunction",
              "Effect": "Allow",
              "Resource": [
                {
                  "Fn::GetAtt": [
                    "TestAutoScalingServiceLinkedRoleServiceLinkedRoleAutoscalingAmazonawsComServiceLinkedRoleAutoscalingAmazonawsComFunction48E7F3B6",
                    "Arn",
                  ],
                },
                {
                  "Fn::Join": [
                    "",
                    [
                      {
                        "Fn::GetAtt": [
                          "TestAutoScalingServiceLinkedRoleServiceLinkedRoleAutoscalingAmazonawsComServiceLinkedRoleAutoscalingAmazonawsComFunction48E7F3B6",
                          "Arn",
                        ],
                      },
                      ":*",
                    ],
                  ],
                },
              ],
            },
          ],
          "Version": "2012-10-17",
        },
        "PolicyName": "TestAutoScalingServiceLinkedRoleServiceLinkedRoleAutoscalingAmazonawsComframeworkonEventServiceRoleDefaultPolicy3FDE0AC8",
        "Roles": [
          {
            "Ref": "TestAutoScalingServiceLinkedRoleServiceLinkedRoleAutoscalingAmazonawsComframeworkonEventServiceRoleA330AA0A",
          },
        ],
      },
      "Type": "AWS::IAM::Policy",
    },
  },
}
`;
