// Jest Snapshot v1, https://goo.gl/fbAQLP

exports[`IdentityCenterInstance Construct(IdentityCenterGetInstanceId):  Snapshot Test 1`] = `
{
  "Resources": {
    "CloudWatchKey9B181885": {
      "DeletionPolicy": "Retain",
      "Properties": {
        "KeyPolicy": {
          "Statement": [
            {
              "Action": "kms:*",
              "Effect": "Allow",
              "Principal": {
                "AWS": {
                  "Fn::Join": [
                    "",
                    [
                      "arn:",
                      {
                        "Ref": "AWS::Partition",
                      },
                      ":iam::",
                      {
                        "Ref": "AWS::AccountId",
                      },
                      ":root",
                    ],
                  ],
                },
              },
              "Resource": "*",
            },
          ],
          "Version": "2012-10-17",
        },
      },
      "Type": "AWS::KMS::Key",
      "UpdateReplacePolicy": "Retain",
    },
    "IdentityCenterInstanceIdentityCenterGetInstanceIdIdentityCenterGetInstanceIdFunction6D15DC48": {
      "DependsOn": [
        "IdentityCenterInstanceIdentityCenterGetInstanceIdIdentityCenterGetInstanceIdFunctionServiceRoleDefaultPolicyA565A09E",
        "IdentityCenterInstanceIdentityCenterGetInstanceIdIdentityCenterGetInstanceIdFunctionServiceRole7F75B101",
      ],
      "Properties": {
        "Code": {
          "S3Bucket": {
            "Fn::Sub": "cdk-hnb659fds-assets-\${AWS::AccountId}-\${AWS::Region}",
          },
          "S3Key": "REPLACED-GENERATED-NAME.zip",
        },
        "Description": "Accelerator deployed IdentityCenterGetInstanceId custom resource lambda function.",
        "Handler": "index.handler",
        "KmsKeyArn": {
          "Fn::GetAtt": [
            "LambdaKey984A39D9",
            "Arn",
          ],
        },
        "MemorySize": 256,
        "Role": {
          "Fn::GetAtt": [
            "IdentityCenterInstanceIdentityCenterGetInstanceIdIdentityCenterGetInstanceIdFunctionServiceRole7F75B101",
            "Arn",
          ],
        },
        "Runtime": "nodejs16.x",
        "Timeout": 160,
      },
      "Type": "AWS::Lambda::Function",
    },
    "IdentityCenterInstanceIdentityCenterGetInstanceIdIdentityCenterGetInstanceIdFunctionLogGroup6C4870CE": {
      "DeletionPolicy": "Delete",
      "Properties": {
        "KmsKeyId": {
          "Fn::GetAtt": [
            "CloudWatchKey9B181885",
            "Arn",
          ],
        },
        "LogGroupName": {
          "Fn::Join": [
            "",
            [
              "/aws/lambda/",
              {
                "Ref": "IdentityCenterInstanceIdentityCenterGetInstanceIdIdentityCenterGetInstanceIdFunction6D15DC48",
              },
            ],
          ],
        },
        "RetentionInDays": 365,
      },
      "Type": "AWS::Logs::LogGroup",
      "UpdateReplacePolicy": "Delete",
    },
    "IdentityCenterInstanceIdentityCenterGetInstanceIdIdentityCenterGetInstanceIdFunctionServiceRole7F75B101": {
      "Metadata": {
        "cdk_nag": {
          "rules_to_suppress": [
            {
              "id": "AwsSolutions-IAM4",
              "reason": "AWS Custom resource provider framework-role created by cdk.",
            },
          ],
        },
      },
      "Properties": {
        "AssumeRolePolicyDocument": {
          "Statement": [
            {
              "Action": "sts:AssumeRole",
              "Effect": "Allow",
              "Principal": {
                "Service": "lambda.amazonaws.com",
              },
            },
          ],
          "Version": "2012-10-17",
        },
        "ManagedPolicyArns": [
          {
            "Fn::Join": [
              "",
              [
                "arn:",
                {
                  "Ref": "AWS::Partition",
                },
                ":iam::aws:policy/service-role/AWSLambdaBasicExecutionRole",
              ],
            ],
          },
        ],
      },
      "Type": "AWS::IAM::Role",
    },
    "IdentityCenterInstanceIdentityCenterGetInstanceIdIdentityCenterGetInstanceIdFunctionServiceRoleDefaultPolicyA565A09E": {
      "Metadata": {
        "cdk_nag": {
          "rules_to_suppress": [
            {
              "id": "AwsSolutions-IAM5",
              "reason": "Allows only specific policy.",
            },
          ],
        },
      },
      "Properties": {
        "PolicyDocument": {
          "Statement": [
            {
              "Action": "sso:ListInstances",
              "Effect": "Allow",
              "Resource": "*",
            },
          ],
          "Version": "2012-10-17",
        },
        "PolicyName": "IdentityCenterInstanceIdentityCenterGetInstanceIdIdentityCenterGetInstanceIdFunctionServiceRoleDefaultPolicyA565A09E",
        "Roles": [
          {
            "Ref": "IdentityCenterInstanceIdentityCenterGetInstanceIdIdentityCenterGetInstanceIdFunctionServiceRole7F75B101",
          },
        ],
      },
      "Type": "AWS::IAM::Policy",
    },
    "IdentityCenterInstanceIdentityCenterGetInstanceIdIdentityCenterGetInstanceIdResourceE2BD9B5B": {
      "DeletionPolicy": "Delete",
      "Properties": {
        "ServiceToken": {
          "Fn::GetAtt": [
            "IdentityCenterInstanceIdentityCenterGetInstanceIdframeworkonEvent5DB81BA0",
            "Arn",
          ],
        },
        "globalRegion": "us-east-1",
      },
      "Type": "AWS::CloudFormation::CustomResource",
      "UpdateReplacePolicy": "Delete",
    },
    "IdentityCenterInstanceIdentityCenterGetInstanceIdframeworkonEvent5DB81BA0": {
      "DependsOn": [
        "IdentityCenterInstanceIdentityCenterGetInstanceIdframeworkonEventServiceRoleDefaultPolicyA09146FD",
        "IdentityCenterInstanceIdentityCenterGetInstanceIdframeworkonEventServiceRole870C36F8",
      ],
      "Properties": {
        "Code": {
          "S3Bucket": {
            "Fn::Sub": "cdk-hnb659fds-assets-\${AWS::AccountId}-\${AWS::Region}",
          },
          "S3Key": "REPLACED-GENERATED-NAME.zip",
        },
        "Description": "AWS CDK resource provider framework - onEvent (Default/IdentityCenterInstance/IdentityCenterGetInstanceId/Resource)",
        "Environment": {
          "Variables": {
            "USER_ON_EVENT_FUNCTION_ARN": {
              "Fn::GetAtt": [
                "IdentityCenterInstanceIdentityCenterGetInstanceIdIdentityCenterGetInstanceIdFunction6D15DC48",
                "Arn",
              ],
            },
          },
        },
        "Handler": "framework.onEvent",
        "Role": {
          "Fn::GetAtt": [
            "IdentityCenterInstanceIdentityCenterGetInstanceIdframeworkonEventServiceRole870C36F8",
            "Arn",
          ],
        },
        "Runtime": "nodejs14.x",
        "Timeout": 900,
      },
      "Type": "AWS::Lambda::Function",
    },
    "IdentityCenterInstanceIdentityCenterGetInstanceIdframeworkonEventServiceRole870C36F8": {
      "Metadata": {
        "cdk_nag": {
          "rules_to_suppress": [
            {
              "id": "AwsSolutions-IAM4",
              "reason": "AWS Custom resource provider framework-role created by cdk.",
            },
          ],
        },
      },
      "Properties": {
        "AssumeRolePolicyDocument": {
          "Statement": [
            {
              "Action": "sts:AssumeRole",
              "Effect": "Allow",
              "Principal": {
                "Service": "lambda.amazonaws.com",
              },
            },
          ],
          "Version": "2012-10-17",
        },
        "ManagedPolicyArns": [
          {
            "Fn::Join": [
              "",
              [
                "arn:",
                {
                  "Ref": "AWS::Partition",
                },
                ":iam::aws:policy/service-role/AWSLambdaBasicExecutionRole",
              ],
            ],
          },
        ],
      },
      "Type": "AWS::IAM::Role",
    },
    "IdentityCenterInstanceIdentityCenterGetInstanceIdframeworkonEventServiceRoleDefaultPolicyA09146FD": {
      "Metadata": {
        "cdk_nag": {
          "rules_to_suppress": [
            {
              "id": "AwsSolutions-IAM5",
              "reason": "Allows only specific policy.",
            },
          ],
        },
      },
      "Properties": {
        "PolicyDocument": {
          "Statement": [
            {
              "Action": "lambda:InvokeFunction",
              "Effect": "Allow",
              "Resource": [
                {
                  "Fn::GetAtt": [
                    "IdentityCenterInstanceIdentityCenterGetInstanceIdIdentityCenterGetInstanceIdFunction6D15DC48",
                    "Arn",
                  ],
                },
                {
                  "Fn::Join": [
                    "",
                    [
                      {
                        "Fn::GetAtt": [
                          "IdentityCenterInstanceIdentityCenterGetInstanceIdIdentityCenterGetInstanceIdFunction6D15DC48",
                          "Arn",
                        ],
                      },
                      ":*",
                    ],
                  ],
                },
              ],
            },
          ],
          "Version": "2012-10-17",
        },
        "PolicyName": "IdentityCenterInstanceIdentityCenterGetInstanceIdframeworkonEventServiceRoleDefaultPolicyA09146FD",
        "Roles": [
          {
            "Ref": "IdentityCenterInstanceIdentityCenterGetInstanceIdframeworkonEventServiceRole870C36F8",
          },
        ],
      },
      "Type": "AWS::IAM::Policy",
    },
    "LambdaKey984A39D9": {
      "DeletionPolicy": "Retain",
      "Properties": {
        "KeyPolicy": {
          "Statement": [
            {
              "Action": "kms:*",
              "Effect": "Allow",
              "Principal": {
                "AWS": {
                  "Fn::Join": [
                    "",
                    [
                      "arn:",
                      {
                        "Ref": "AWS::Partition",
                      },
                      ":iam::",
                      {
                        "Ref": "AWS::AccountId",
                      },
                      ":root",
                    ],
                  ],
                },
              },
              "Resource": "*",
            },
          ],
          "Version": "2012-10-17",
        },
      },
      "Type": "AWS::KMS::Key",
      "UpdateReplacePolicy": "Retain",
    },
  },
}
`;
