// Jest Snapshot v1, https://goo.gl/fbAQLP

exports[`ImportCertificate Construct(CreateCertificate):  Snapshot Test 1`] = `
{
  "Resources": {
    "ImportCertificateCloudWatchKey4B69D07C": {
      "DeletionPolicy": "Retain",
      "Properties": {
        "KeyPolicy": {
          "Statement": [
            {
              "Action": "kms:*",
              "Effect": "Allow",
              "Principal": {
                "AWS": {
                  "Fn::Join": [
                    "",
                    [
                      "arn:",
                      {
                        "Ref": "AWS::Partition",
                      },
                      ":iam::",
                      {
                        "Ref": "AWS::AccountId",
                      },
                      ":root",
                    ],
                  ],
                },
              },
              "Resource": "*",
            },
          ],
          "Version": "2012-10-17",
        },
      },
      "Type": "AWS::KMS::Key",
      "UpdateReplacePolicy": "Retain",
    },
    "ImportCertificateCreateAcmCertsCreateAcmCertsFunction44A767B6": {
      "Properties": {
        "Code": {
          "S3Bucket": {
            "Fn::Sub": "cdk-hnb659fds-assets-\${AWS::AccountId}-\${AWS::Region}",
          },
          "S3Key": "REPLACED-GENERATED-NAME.zip",
        },
        "Description": "Create ACM certificates handler",
        "Handler": "index.handler",
        "KmsKeyArn": {
          "Fn::GetAtt": [
            "ImportCertificateLambdaKey17668CF0",
            "Arn",
          ],
        },
        "MemorySize": 256,
        "Role": {
          "Fn::Join": [
            "",
            [
              "arn:",
              {
                "Ref": "AWS::Partition",
              },
              ":iam::",
              {
                "Ref": "AWS::AccountId",
              },
              ":role/AWSAccelerator-AssetsAccessRole",
            ],
          ],
        },
        "Runtime": "nodejs16.x",
        "Timeout": 900,
      },
      "Type": "AWS::Lambda::Function",
    },
    "ImportCertificateCreateAcmCertsCreateAcmCertsFunctionLogGroupABEA5ECA": {
      "DeletionPolicy": "Delete",
      "Properties": {
        "KmsKeyId": {
          "Fn::GetAtt": [
            "ImportCertificateCloudWatchKey4B69D07C",
            "Arn",
          ],
        },
        "LogGroupName": {
          "Fn::Join": [
            "",
            [
              "/aws/lambda/",
              {
                "Ref": "ImportCertificateCreateAcmCertsCreateAcmCertsFunction44A767B6",
              },
            ],
          ],
        },
        "RetentionInDays": 365,
      },
      "Type": "AWS::Logs::LogGroup",
      "UpdateReplacePolicy": "Delete",
    },
    "ImportCertificateCreateAcmCertsCreateAcmCertsResource5934CC02": {
      "DeletionPolicy": "Delete",
      "Properties": {
        "ServiceToken": {
          "Fn::GetAtt": [
            "ImportCertificateCreateAcmCertsframeworkonEventE741B9F5",
            "Arn",
          ],
        },
        "assetBucketName": "aws-accelerator-assets",
        "cert": "cert/cert.crt",
        "chain": "cert/chain.csr",
        "homeRegion": "us-east-1",
        "name": "importCert",
        "parameterName": "/accelerator/acm/importCert/arn",
        "privKey": "cert/privKey.pem",
        "type": "import",
      },
      "Type": "AWS::CloudFormation::CustomResource",
      "UpdateReplacePolicy": "Delete",
    },
    "ImportCertificateCreateAcmCertsframeworkonEventE741B9F5": {
      "DependsOn": [
        "ImportCertificateCreateAcmCertsframeworkonEventServiceRoleDefaultPolicyC48F15E1",
        "ImportCertificateCreateAcmCertsframeworkonEventServiceRole4B6E7742",
      ],
      "Properties": {
        "Code": {
          "S3Bucket": {
            "Fn::Sub": "cdk-hnb659fds-assets-\${AWS::AccountId}-\${AWS::Region}",
          },
          "S3Key": "REPLACED-GENERATED-NAME.zip",
        },
        "Description": "AWS CDK resource provider framework - onEvent (Default/ImportCertificate/CreateAcmCerts/Resource)",
        "Environment": {
          "Variables": {
            "USER_ON_EVENT_FUNCTION_ARN": {
              "Fn::GetAtt": [
                "ImportCertificateCreateAcmCertsCreateAcmCertsFunction44A767B6",
                "Arn",
              ],
            },
          },
        },
        "Handler": "framework.onEvent",
        "Role": {
          "Fn::GetAtt": [
            "ImportCertificateCreateAcmCertsframeworkonEventServiceRole4B6E7742",
            "Arn",
          ],
        },
        "Runtime": "nodejs14.x",
        "Timeout": 900,
      },
      "Type": "AWS::Lambda::Function",
    },
    "ImportCertificateCreateAcmCertsframeworkonEventServiceRole4B6E7742": {
      "Metadata": {
        "cdk_nag": {
          "rules_to_suppress": [
            {
              "id": "AwsSolutions-IAM4",
              "reason": "AWS Custom resource provider framework-role created by cdk.",
            },
          ],
        },
      },
      "Properties": {
        "AssumeRolePolicyDocument": {
          "Statement": [
            {
              "Action": "sts:AssumeRole",
              "Effect": "Allow",
              "Principal": {
                "Service": "lambda.amazonaws.com",
              },
            },
          ],
          "Version": "2012-10-17",
        },
        "ManagedPolicyArns": [
          {
            "Fn::Join": [
              "",
              [
                "arn:",
                {
                  "Ref": "AWS::Partition",
                },
                ":iam::aws:policy/service-role/AWSLambdaBasicExecutionRole",
              ],
            ],
          },
        ],
      },
      "Type": "AWS::IAM::Role",
    },
    "ImportCertificateCreateAcmCertsframeworkonEventServiceRoleDefaultPolicyC48F15E1": {
      "Metadata": {
        "cdk_nag": {
          "rules_to_suppress": [
            {
              "id": "AwsSolutions-IAM5",
              "reason": "Allows only specific policy.",
            },
          ],
        },
      },
      "Properties": {
        "PolicyDocument": {
          "Statement": [
            {
              "Action": "lambda:InvokeFunction",
              "Effect": "Allow",
              "Resource": [
                {
                  "Fn::GetAtt": [
                    "ImportCertificateCreateAcmCertsCreateAcmCertsFunction44A767B6",
                    "Arn",
                  ],
                },
                {
                  "Fn::Join": [
                    "",
                    [
                      {
                        "Fn::GetAtt": [
                          "ImportCertificateCreateAcmCertsCreateAcmCertsFunction44A767B6",
                          "Arn",
                        ],
                      },
                      ":*",
                    ],
                  ],
                },
              ],
            },
          ],
          "Version": "2012-10-17",
        },
        "PolicyName": "ImportCertificateCreateAcmCertsframeworkonEventServiceRoleDefaultPolicyC48F15E1",
        "Roles": [
          {
            "Ref": "ImportCertificateCreateAcmCertsframeworkonEventServiceRole4B6E7742",
          },
        ],
      },
      "Type": "AWS::IAM::Policy",
    },
    "ImportCertificateLambdaKey17668CF0": {
      "DeletionPolicy": "Retain",
      "Properties": {
        "KeyPolicy": {
          "Statement": [
            {
              "Action": "kms:*",
              "Effect": "Allow",
              "Principal": {
                "AWS": {
                  "Fn::Join": [
                    "",
                    [
                      "arn:",
                      {
                        "Ref": "AWS::Partition",
                      },
                      ":iam::",
                      {
                        "Ref": "AWS::AccountId",
                      },
                      ":root",
                    ],
                  ],
                },
              },
              "Resource": "*",
            },
          ],
          "Version": "2012-10-17",
        },
      },
      "Type": "AWS::KMS::Key",
      "UpdateReplacePolicy": "Retain",
    },
    "RequestCertificateCloudWatchKeyDAA2C481": {
      "DeletionPolicy": "Retain",
      "Properties": {
        "KeyPolicy": {
          "Statement": [
            {
              "Action": "kms:*",
              "Effect": "Allow",
              "Principal": {
                "AWS": {
                  "Fn::Join": [
                    "",
                    [
                      "arn:",
                      {
                        "Ref": "AWS::Partition",
                      },
                      ":iam::",
                      {
                        "Ref": "AWS::AccountId",
                      },
                      ":root",
                    ],
                  ],
                },
              },
              "Resource": "*",
            },
          ],
          "Version": "2012-10-17",
        },
      },
      "Type": "AWS::KMS::Key",
      "UpdateReplacePolicy": "Retain",
    },
    "RequestCertificateCreateAcmCertsCreateAcmCertsFunctionDEB79A12": {
      "Properties": {
        "Code": {
          "S3Bucket": {
            "Fn::Sub": "cdk-hnb659fds-assets-\${AWS::AccountId}-\${AWS::Region}",
          },
          "S3Key": "REPLACED-GENERATED-NAME.zip",
        },
        "Description": "Create ACM certificates handler",
        "Handler": "index.handler",
        "KmsKeyArn": {
          "Fn::GetAtt": [
            "RequestCertificateLambdaKey6574CBCD",
            "Arn",
          ],
        },
        "MemorySize": 256,
        "Role": {
          "Fn::Join": [
            "",
            [
              "arn:",
              {
                "Ref": "AWS::Partition",
              },
              ":iam::",
              {
                "Ref": "AWS::AccountId",
              },
              ":role/AWSAccelerator-AssetsAccessRole",
            ],
          ],
        },
        "Runtime": "nodejs16.x",
        "Timeout": 900,
      },
      "Type": "AWS::Lambda::Function",
    },
    "RequestCertificateCreateAcmCertsCreateAcmCertsFunctionLogGroupFA6E1DF9": {
      "DeletionPolicy": "Delete",
      "Properties": {
        "KmsKeyId": {
          "Fn::GetAtt": [
            "RequestCertificateCloudWatchKeyDAA2C481",
            "Arn",
          ],
        },
        "LogGroupName": {
          "Fn::Join": [
            "",
            [
              "/aws/lambda/",
              {
                "Ref": "RequestCertificateCreateAcmCertsCreateAcmCertsFunctionDEB79A12",
              },
            ],
          ],
        },
        "RetentionInDays": 365,
      },
      "Type": "AWS::Logs::LogGroup",
      "UpdateReplacePolicy": "Delete",
    },
    "RequestCertificateCreateAcmCertsCreateAcmCertsResourceDEEECCAB": {
      "DeletionPolicy": "Delete",
      "Properties": {
        "ServiceToken": {
          "Fn::GetAtt": [
            "RequestCertificateCreateAcmCertsframeworkonEvent1EC46E99",
            "Arn",
          ],
        },
        "assetBucketName": "aws-accelerator-assets",
        "domain": "*.example.com",
        "homeRegion": "us-east-1",
        "name": "requestCert",
        "parameterName": "/accelerator/acm/requestCert/arn",
        "san": "e.co,*.example.net",
        "type": "request",
        "validation": "DNS",
      },
      "Type": "AWS::CloudFormation::CustomResource",
      "UpdateReplacePolicy": "Delete",
    },
    "RequestCertificateCreateAcmCertsframeworkonEvent1EC46E99": {
      "DependsOn": [
        "RequestCertificateCreateAcmCertsframeworkonEventServiceRoleDefaultPolicy09B68ED6",
        "RequestCertificateCreateAcmCertsframeworkonEventServiceRoleCEAE3FE0",
      ],
      "Properties": {
        "Code": {
          "S3Bucket": {
            "Fn::Sub": "cdk-hnb659fds-assets-\${AWS::AccountId}-\${AWS::Region}",
          },
          "S3Key": "REPLACED-GENERATED-NAME.zip",
        },
        "Description": "AWS CDK resource provider framework - onEvent (Default/RequestCertificate/CreateAcmCerts/Resource)",
        "Environment": {
          "Variables": {
            "USER_ON_EVENT_FUNCTION_ARN": {
              "Fn::GetAtt": [
                "RequestCertificateCreateAcmCertsCreateAcmCertsFunctionDEB79A12",
                "Arn",
              ],
            },
          },
        },
        "Handler": "framework.onEvent",
        "Role": {
          "Fn::GetAtt": [
            "RequestCertificateCreateAcmCertsframeworkonEventServiceRoleCEAE3FE0",
            "Arn",
          ],
        },
        "Runtime": "nodejs14.x",
        "Timeout": 900,
      },
      "Type": "AWS::Lambda::Function",
    },
    "RequestCertificateCreateAcmCertsframeworkonEventServiceRoleCEAE3FE0": {
      "Metadata": {
        "cdk_nag": {
          "rules_to_suppress": [
            {
              "id": "AwsSolutions-IAM4",
              "reason": "AWS Custom resource provider framework-role created by cdk.",
            },
          ],
        },
      },
      "Properties": {
        "AssumeRolePolicyDocument": {
          "Statement": [
            {
              "Action": "sts:AssumeRole",
              "Effect": "Allow",
              "Principal": {
                "Service": "lambda.amazonaws.com",
              },
            },
          ],
          "Version": "2012-10-17",
        },
        "ManagedPolicyArns": [
          {
            "Fn::Join": [
              "",
              [
                "arn:",
                {
                  "Ref": "AWS::Partition",
                },
                ":iam::aws:policy/service-role/AWSLambdaBasicExecutionRole",
              ],
            ],
          },
        ],
      },
      "Type": "AWS::IAM::Role",
    },
    "RequestCertificateCreateAcmCertsframeworkonEventServiceRoleDefaultPolicy09B68ED6": {
      "Metadata": {
        "cdk_nag": {
          "rules_to_suppress": [
            {
              "id": "AwsSolutions-IAM5",
              "reason": "Allows only specific policy.",
            },
          ],
        },
      },
      "Properties": {
        "PolicyDocument": {
          "Statement": [
            {
              "Action": "lambda:InvokeFunction",
              "Effect": "Allow",
              "Resource": [
                {
                  "Fn::GetAtt": [
                    "RequestCertificateCreateAcmCertsCreateAcmCertsFunctionDEB79A12",
                    "Arn",
                  ],
                },
                {
                  "Fn::Join": [
                    "",
                    [
                      {
                        "Fn::GetAtt": [
                          "RequestCertificateCreateAcmCertsCreateAcmCertsFunctionDEB79A12",
                          "Arn",
                        ],
                      },
                      ":*",
                    ],
                  ],
                },
              ],
            },
          ],
          "Version": "2012-10-17",
        },
        "PolicyName": "RequestCertificateCreateAcmCertsframeworkonEventServiceRoleDefaultPolicy09B68ED6",
        "Roles": [
          {
            "Ref": "RequestCertificateCreateAcmCertsframeworkonEventServiceRoleCEAE3FE0",
          },
        ],
      },
      "Type": "AWS::IAM::Policy",
    },
    "RequestCertificateLambdaKey6574CBCD": {
      "DeletionPolicy": "Retain",
      "Properties": {
        "KeyPolicy": {
          "Statement": [
            {
              "Action": "kms:*",
              "Effect": "Allow",
              "Principal": {
                "AWS": {
                  "Fn::Join": [
                    "",
                    [
                      "arn:",
                      {
                        "Ref": "AWS::Partition",
                      },
                      ":iam::",
                      {
                        "Ref": "AWS::AccountId",
                      },
                      ":root",
                    ],
                  ],
                },
              },
              "Resource": "*",
            },
          ],
          "Version": "2012-10-17",
        },
      },
      "Type": "AWS::KMS::Key",
      "UpdateReplacePolicy": "Retain",
    },
  },
}
`;

exports[`RequestCertificate Construct(CreateCertificate):  Snapshot Test 1`] = `
{
  "Resources": {
    "ImportCertificateCloudWatchKey4B69D07C": {
      "DeletionPolicy": "Retain",
      "Properties": {
        "KeyPolicy": {
          "Statement": [
            {
              "Action": "kms:*",
              "Effect": "Allow",
              "Principal": {
                "AWS": {
                  "Fn::Join": [
                    "",
                    [
                      "arn:",
                      {
                        "Ref": "AWS::Partition",
                      },
                      ":iam::",
                      {
                        "Ref": "AWS::AccountId",
                      },
                      ":root",
                    ],
                  ],
                },
              },
              "Resource": "*",
            },
          ],
          "Version": "2012-10-17",
        },
      },
      "Type": "AWS::KMS::Key",
      "UpdateReplacePolicy": "Retain",
    },
    "ImportCertificateCreateAcmCertsCreateAcmCertsFunction44A767B6": {
      "Properties": {
        "Code": {
          "S3Bucket": {
            "Fn::Sub": "cdk-hnb659fds-assets-\${AWS::AccountId}-\${AWS::Region}",
          },
          "S3Key": "REPLACED-GENERATED-NAME.zip",
        },
        "Description": "Create ACM certificates handler",
        "Handler": "index.handler",
        "KmsKeyArn": {
          "Fn::GetAtt": [
            "ImportCertificateLambdaKey17668CF0",
            "Arn",
          ],
        },
        "MemorySize": 256,
        "Role": {
          "Fn::Join": [
            "",
            [
              "arn:",
              {
                "Ref": "AWS::Partition",
              },
              ":iam::",
              {
                "Ref": "AWS::AccountId",
              },
              ":role/AWSAccelerator-AssetsAccessRole",
            ],
          ],
        },
        "Runtime": "nodejs16.x",
        "Timeout": 900,
      },
      "Type": "AWS::Lambda::Function",
    },
    "ImportCertificateCreateAcmCertsCreateAcmCertsFunctionLogGroupABEA5ECA": {
      "DeletionPolicy": "Delete",
      "Properties": {
        "KmsKeyId": {
          "Fn::GetAtt": [
            "ImportCertificateCloudWatchKey4B69D07C",
            "Arn",
          ],
        },
        "LogGroupName": {
          "Fn::Join": [
            "",
            [
              "/aws/lambda/",
              {
                "Ref": "ImportCertificateCreateAcmCertsCreateAcmCertsFunction44A767B6",
              },
            ],
          ],
        },
        "RetentionInDays": 365,
      },
      "Type": "AWS::Logs::LogGroup",
      "UpdateReplacePolicy": "Delete",
    },
    "ImportCertificateCreateAcmCertsCreateAcmCertsResource5934CC02": {
      "DeletionPolicy": "Delete",
      "Properties": {
        "ServiceToken": {
          "Fn::GetAtt": [
            "ImportCertificateCreateAcmCertsframeworkonEventE741B9F5",
            "Arn",
          ],
        },
        "assetBucketName": "aws-accelerator-assets",
        "cert": "cert/cert.crt",
        "chain": "cert/chain.csr",
        "homeRegion": "us-east-1",
        "name": "importCert",
        "parameterName": "/accelerator/acm/importCert/arn",
        "privKey": "cert/privKey.pem",
        "type": "import",
      },
      "Type": "AWS::CloudFormation::CustomResource",
      "UpdateReplacePolicy": "Delete",
    },
    "ImportCertificateCreateAcmCertsframeworkonEventE741B9F5": {
      "DependsOn": [
        "ImportCertificateCreateAcmCertsframeworkonEventServiceRoleDefaultPolicyC48F15E1",
        "ImportCertificateCreateAcmCertsframeworkonEventServiceRole4B6E7742",
      ],
      "Properties": {
        "Code": {
          "S3Bucket": {
            "Fn::Sub": "cdk-hnb659fds-assets-\${AWS::AccountId}-\${AWS::Region}",
          },
          "S3Key": "REPLACED-GENERATED-NAME.zip",
        },
        "Description": "AWS CDK resource provider framework - onEvent (Default/ImportCertificate/CreateAcmCerts/Resource)",
        "Environment": {
          "Variables": {
            "USER_ON_EVENT_FUNCTION_ARN": {
              "Fn::GetAtt": [
                "ImportCertificateCreateAcmCertsCreateAcmCertsFunction44A767B6",
                "Arn",
              ],
            },
          },
        },
        "Handler": "framework.onEvent",
        "Role": {
          "Fn::GetAtt": [
            "ImportCertificateCreateAcmCertsframeworkonEventServiceRole4B6E7742",
            "Arn",
          ],
        },
        "Runtime": "nodejs14.x",
        "Timeout": 900,
      },
      "Type": "AWS::Lambda::Function",
    },
    "ImportCertificateCreateAcmCertsframeworkonEventServiceRole4B6E7742": {
      "Metadata": {
        "cdk_nag": {
          "rules_to_suppress": [
            {
              "id": "AwsSolutions-IAM4",
              "reason": "AWS Custom resource provider framework-role created by cdk.",
            },
          ],
        },
      },
      "Properties": {
        "AssumeRolePolicyDocument": {
          "Statement": [
            {
              "Action": "sts:AssumeRole",
              "Effect": "Allow",
              "Principal": {
                "Service": "lambda.amazonaws.com",
              },
            },
          ],
          "Version": "2012-10-17",
        },
        "ManagedPolicyArns": [
          {
            "Fn::Join": [
              "",
              [
                "arn:",
                {
                  "Ref": "AWS::Partition",
                },
                ":iam::aws:policy/service-role/AWSLambdaBasicExecutionRole",
              ],
            ],
          },
        ],
      },
      "Type": "AWS::IAM::Role",
    },
    "ImportCertificateCreateAcmCertsframeworkonEventServiceRoleDefaultPolicyC48F15E1": {
      "Metadata": {
        "cdk_nag": {
          "rules_to_suppress": [
            {
              "id": "AwsSolutions-IAM5",
              "reason": "Allows only specific policy.",
            },
          ],
        },
      },
      "Properties": {
        "PolicyDocument": {
          "Statement": [
            {
              "Action": "lambda:InvokeFunction",
              "Effect": "Allow",
              "Resource": [
                {
                  "Fn::GetAtt": [
                    "ImportCertificateCreateAcmCertsCreateAcmCertsFunction44A767B6",
                    "Arn",
                  ],
                },
                {
                  "Fn::Join": [
                    "",
                    [
                      {
                        "Fn::GetAtt": [
                          "ImportCertificateCreateAcmCertsCreateAcmCertsFunction44A767B6",
                          "Arn",
                        ],
                      },
                      ":*",
                    ],
                  ],
                },
              ],
            },
          ],
          "Version": "2012-10-17",
        },
        "PolicyName": "ImportCertificateCreateAcmCertsframeworkonEventServiceRoleDefaultPolicyC48F15E1",
        "Roles": [
          {
            "Ref": "ImportCertificateCreateAcmCertsframeworkonEventServiceRole4B6E7742",
          },
        ],
      },
      "Type": "AWS::IAM::Policy",
    },
    "ImportCertificateLambdaKey17668CF0": {
      "DeletionPolicy": "Retain",
      "Properties": {
        "KeyPolicy": {
          "Statement": [
            {
              "Action": "kms:*",
              "Effect": "Allow",
              "Principal": {
                "AWS": {
                  "Fn::Join": [
                    "",
                    [
                      "arn:",
                      {
                        "Ref": "AWS::Partition",
                      },
                      ":iam::",
                      {
                        "Ref": "AWS::AccountId",
                      },
                      ":root",
                    ],
                  ],
                },
              },
              "Resource": "*",
            },
          ],
          "Version": "2012-10-17",
        },
      },
      "Type": "AWS::KMS::Key",
      "UpdateReplacePolicy": "Retain",
    },
    "RequestCertificateCloudWatchKeyDAA2C481": {
      "DeletionPolicy": "Retain",
      "Properties": {
        "KeyPolicy": {
          "Statement": [
            {
              "Action": "kms:*",
              "Effect": "Allow",
              "Principal": {
                "AWS": {
                  "Fn::Join": [
                    "",
                    [
                      "arn:",
                      {
                        "Ref": "AWS::Partition",
                      },
                      ":iam::",
                      {
                        "Ref": "AWS::AccountId",
                      },
                      ":root",
                    ],
                  ],
                },
              },
              "Resource": "*",
            },
          ],
          "Version": "2012-10-17",
        },
      },
      "Type": "AWS::KMS::Key",
      "UpdateReplacePolicy": "Retain",
    },
    "RequestCertificateCreateAcmCertsCreateAcmCertsFunctionDEB79A12": {
      "Properties": {
        "Code": {
          "S3Bucket": {
            "Fn::Sub": "cdk-hnb659fds-assets-\${AWS::AccountId}-\${AWS::Region}",
          },
          "S3Key": "REPLACED-GENERATED-NAME.zip",
        },
        "Description": "Create ACM certificates handler",
        "Handler": "index.handler",
        "KmsKeyArn": {
          "Fn::GetAtt": [
            "RequestCertificateLambdaKey6574CBCD",
            "Arn",
          ],
        },
        "MemorySize": 256,
        "Role": {
          "Fn::Join": [
            "",
            [
              "arn:",
              {
                "Ref": "AWS::Partition",
              },
              ":iam::",
              {
                "Ref": "AWS::AccountId",
              },
              ":role/AWSAccelerator-AssetsAccessRole",
            ],
          ],
        },
        "Runtime": "nodejs16.x",
        "Timeout": 900,
      },
      "Type": "AWS::Lambda::Function",
    },
    "RequestCertificateCreateAcmCertsCreateAcmCertsFunctionLogGroupFA6E1DF9": {
      "DeletionPolicy": "Delete",
      "Properties": {
        "KmsKeyId": {
          "Fn::GetAtt": [
            "RequestCertificateCloudWatchKeyDAA2C481",
            "Arn",
          ],
        },
        "LogGroupName": {
          "Fn::Join": [
            "",
            [
              "/aws/lambda/",
              {
                "Ref": "RequestCertificateCreateAcmCertsCreateAcmCertsFunctionDEB79A12",
              },
            ],
          ],
        },
        "RetentionInDays": 365,
      },
      "Type": "AWS::Logs::LogGroup",
      "UpdateReplacePolicy": "Delete",
    },
    "RequestCertificateCreateAcmCertsCreateAcmCertsResourceDEEECCAB": {
      "DeletionPolicy": "Delete",
      "Properties": {
        "ServiceToken": {
          "Fn::GetAtt": [
            "RequestCertificateCreateAcmCertsframeworkonEvent1EC46E99",
            "Arn",
          ],
        },
        "assetBucketName": "aws-accelerator-assets",
        "domain": "*.example.com",
        "homeRegion": "us-east-1",
        "name": "requestCert",
        "parameterName": "/accelerator/acm/requestCert/arn",
        "san": "e.co,*.example.net",
        "type": "request",
        "validation": "DNS",
      },
      "Type": "AWS::CloudFormation::CustomResource",
      "UpdateReplacePolicy": "Delete",
    },
    "RequestCertificateCreateAcmCertsframeworkonEvent1EC46E99": {
      "DependsOn": [
        "RequestCertificateCreateAcmCertsframeworkonEventServiceRoleDefaultPolicy09B68ED6",
        "RequestCertificateCreateAcmCertsframeworkonEventServiceRoleCEAE3FE0",
      ],
      "Properties": {
        "Code": {
          "S3Bucket": {
            "Fn::Sub": "cdk-hnb659fds-assets-\${AWS::AccountId}-\${AWS::Region}",
          },
          "S3Key": "REPLACED-GENERATED-NAME.zip",
        },
        "Description": "AWS CDK resource provider framework - onEvent (Default/RequestCertificate/CreateAcmCerts/Resource)",
        "Environment": {
          "Variables": {
            "USER_ON_EVENT_FUNCTION_ARN": {
              "Fn::GetAtt": [
                "RequestCertificateCreateAcmCertsCreateAcmCertsFunctionDEB79A12",
                "Arn",
              ],
            },
          },
        },
        "Handler": "framework.onEvent",
        "Role": {
          "Fn::GetAtt": [
            "RequestCertificateCreateAcmCertsframeworkonEventServiceRoleCEAE3FE0",
            "Arn",
          ],
        },
        "Runtime": "nodejs14.x",
        "Timeout": 900,
      },
      "Type": "AWS::Lambda::Function",
    },
    "RequestCertificateCreateAcmCertsframeworkonEventServiceRoleCEAE3FE0": {
      "Metadata": {
        "cdk_nag": {
          "rules_to_suppress": [
            {
              "id": "AwsSolutions-IAM4",
              "reason": "AWS Custom resource provider framework-role created by cdk.",
            },
          ],
        },
      },
      "Properties": {
        "AssumeRolePolicyDocument": {
          "Statement": [
            {
              "Action": "sts:AssumeRole",
              "Effect": "Allow",
              "Principal": {
                "Service": "lambda.amazonaws.com",
              },
            },
          ],
          "Version": "2012-10-17",
        },
        "ManagedPolicyArns": [
          {
            "Fn::Join": [
              "",
              [
                "arn:",
                {
                  "Ref": "AWS::Partition",
                },
                ":iam::aws:policy/service-role/AWSLambdaBasicExecutionRole",
              ],
            ],
          },
        ],
      },
      "Type": "AWS::IAM::Role",
    },
    "RequestCertificateCreateAcmCertsframeworkonEventServiceRoleDefaultPolicy09B68ED6": {
      "Metadata": {
        "cdk_nag": {
          "rules_to_suppress": [
            {
              "id": "AwsSolutions-IAM5",
              "reason": "Allows only specific policy.",
            },
          ],
        },
      },
      "Properties": {
        "PolicyDocument": {
          "Statement": [
            {
              "Action": "lambda:InvokeFunction",
              "Effect": "Allow",
              "Resource": [
                {
                  "Fn::GetAtt": [
                    "RequestCertificateCreateAcmCertsCreateAcmCertsFunctionDEB79A12",
                    "Arn",
                  ],
                },
                {
                  "Fn::Join": [
                    "",
                    [
                      {
                        "Fn::GetAtt": [
                          "RequestCertificateCreateAcmCertsCreateAcmCertsFunctionDEB79A12",
                          "Arn",
                        ],
                      },
                      ":*",
                    ],
                  ],
                },
              ],
            },
          ],
          "Version": "2012-10-17",
        },
        "PolicyName": "RequestCertificateCreateAcmCertsframeworkonEventServiceRoleDefaultPolicy09B68ED6",
        "Roles": [
          {
            "Ref": "RequestCertificateCreateAcmCertsframeworkonEventServiceRoleCEAE3FE0",
          },
        ],
      },
      "Type": "AWS::IAM::Policy",
    },
    "RequestCertificateLambdaKey6574CBCD": {
      "DeletionPolicy": "Retain",
      "Properties": {
        "KeyPolicy": {
          "Statement": [
            {
              "Action": "kms:*",
              "Effect": "Allow",
              "Principal": {
                "AWS": {
                  "Fn::Join": [
                    "",
                    [
                      "arn:",
                      {
                        "Ref": "AWS::Partition",
                      },
                      ":iam::",
                      {
                        "Ref": "AWS::AccountId",
                      },
                      ":root",
                    ],
                  ],
                },
              },
              "Resource": "*",
            },
          ],
          "Version": "2012-10-17",
        },
      },
      "Type": "AWS::KMS::Key",
      "UpdateReplacePolicy": "Retain",
    },
  },
}
`;
