// Jest Snapshot v1, https://goo.gl/fbAQLP

exports[`RemediateResourcePolicy Construct(RemediateResourcePolicy):  Snapshot Test 1`] = `
{
  "Resources": {
    "CustomCloudWatchKey720588E1": {
      "DeletionPolicy": "Retain",
      "Properties": {
        "KeyPolicy": {
          "Statement": [
            {
              "Action": "kms:*",
              "Effect": "Allow",
              "Principal": {
                "AWS": {
                  "Fn::Join": [
                    "",
                    [
                      "arn:",
                      {
                        "Ref": "AWS::Partition",
                      },
                      ":iam::",
                      {
                        "Ref": "AWS::AccountId",
                      },
                      ":root",
                    ],
                  ],
                },
              },
              "Resource": "*",
            },
          ],
          "Version": "2012-10-17",
        },
      },
      "Type": "AWS::KMS::Key",
      "UpdateReplacePolicy": "Retain",
    },
    "CustomLambdaKey2287F5A9": {
      "DeletionPolicy": "Retain",
      "Properties": {
        "KeyPolicy": {
          "Statement": [
            {
              "Action": "kms:*",
              "Effect": "Allow",
              "Principal": {
                "AWS": {
                  "Fn::Join": [
                    "",
                    [
                      "arn:",
                      {
                        "Ref": "AWS::Partition",
                      },
                      ":iam::",
                      {
                        "Ref": "AWS::AccountId",
                      },
                      ":root",
                    ],
                  ],
                },
              },
              "Resource": "*",
            },
          ],
          "Version": "2012-10-17",
        },
      },
      "Type": "AWS::KMS::Key",
      "UpdateReplacePolicy": "Retain",
    },
    "DetectResourcePolicyRemediateResourcePolicyFunction701E8B9E": {
      "DependsOn": [
        "RemediationRole62612F9F",
      ],
      "Properties": {
        "Code": {
          "S3Bucket": {
            "Fn::Sub": "cdk-hnb659fds-assets-\${AWS::AccountId}-\${AWS::Region}",
          },
          "S3Key": "REPLACED-GENERATED-NAME.zip",
        },
        "Description": "Lambda function to remediate non-compliant resource based policy",
        "Environment": {
          "Variables": {
            "ACCELERATOR_PREFIX": "AWSAccelerator",
            "AWS_PARTITION": {
              "Ref": "AWS::Partition",
            },
            "HOME_REGION": "us-west-2",
          },
        },
        "Handler": "index.handler",
        "KmsKeyArn": {
          "Fn::GetAtt": [
            "CustomLambdaKey2287F5A9",
            "Arn",
          ],
        },
        "Role": {
          "Fn::GetAtt": [
            "RemediationRole62612F9F",
            "Arn",
          ],
        },
        "Runtime": "nodejs16.x",
        "Timeout": 60,
      },
      "Type": "AWS::Lambda::Function",
    },
    "DetectResourcePolicyRemediateResourcePolicyFunctionLogGroup45217A8F": {
      "DeletionPolicy": "Delete",
      "Properties": {
        "KmsKeyId": {
          "Fn::GetAtt": [
            "CustomCloudWatchKey720588E1",
            "Arn",
          ],
        },
        "LogGroupName": {
          "Fn::Join": [
            "",
            [
              "/aws/lambda/",
              {
                "Ref": "DetectResourcePolicyRemediateResourcePolicyFunction701E8B9E",
              },
            ],
          ],
        },
        "RetentionInDays": 365,
      },
      "Type": "AWS::Logs::LogGroup",
      "UpdateReplacePolicy": "Delete",
    },
    "RemediationRole62612F9F": {
      "Metadata": {
        "cdk_nag": {
          "rules_to_suppress": [
            {
              "id": "AwsSolutions-IAM4",
              "reason": "AWS Custom resource provider framework-role created by cdk.",
            },
            {
              "id": "AwsSolutions-IAM5",
              "reason": "Allows only specific policy.",
            },
          ],
        },
      },
      "Properties": {
        "AssumeRolePolicyDocument": {
          "Statement": [
            {
              "Action": "sts:AssumeRole",
              "Effect": "Allow",
              "Principal": {
                "Service": "ssm.amazonaws.com",
              },
            },
          ],
          "Version": "2012-10-17",
        },
      },
      "Type": "AWS::IAM::Role",
    },
  },
}
`;
