// Jest Snapshot v1, https://goo.gl/fbAQLP

exports[`LzaCustomResource Construct(IdentityCenterGetInstanceId):  Snapshot Test 1`] = `
{
  "Resources": {
    "CloudWatchKey9B181885": {
      "DeletionPolicy": "Retain",
      "Properties": {
        "KeyPolicy": {
          "Statement": [
            {
              "Action": "kms:*",
              "Effect": "Allow",
              "Principal": {
                "AWS": {
                  "Fn::Join": [
                    "",
                    [
                      "arn:",
                      {
                        "Ref": "AWS::Partition",
                      },
                      ":iam::",
                      {
                        "Ref": "AWS::AccountId",
                      },
                      ":root",
                    ],
                  ],
                },
              },
              "Resource": "*",
            },
          ],
          "Version": "2012-10-17",
        },
      },
      "Type": "AWS::KMS::Key",
      "UpdateReplacePolicy": "Retain",
    },
    "LambdaKey984A39D9": {
      "DeletionPolicy": "Retain",
      "Properties": {
        "KeyPolicy": {
          "Statement": [
            {
              "Action": "kms:*",
              "Effect": "Allow",
              "Principal": {
                "AWS": {
                  "Fn::Join": [
                    "",
                    [
                      "arn:",
                      {
                        "Ref": "AWS::Partition",
                      },
                      ":iam::",
                      {
                        "Ref": "AWS::AccountId",
                      },
                      ":root",
                    ],
                  ],
                },
              },
              "Resource": "*",
            },
          ],
          "Version": "2012-10-17",
        },
      },
      "Type": "AWS::KMS::Key",
      "UpdateReplacePolicy": "Retain",
    },
    "LzaCustomResourceFunction0646CE43": {
      "DependsOn": [
        "LzaCustomResourceFunctionServiceRoleDefaultPolicyD20B0ACD",
        "LzaCustomResourceFunctionServiceRole8DB16799",
      ],
      "Properties": {
        "Code": {
          "S3Bucket": {
            "Fn::Sub": "cdk-hnb659fds-assets-\${AWS::AccountId}-\${AWS::Region}",
          },
          "S3Key": "REPLACED-GENERATED-NAME.zip",
        },
        "Description": "LZA Snapshot test custom resource",
        "Handler": "index.handler",
        "KmsKeyArn": {
          "Fn::GetAtt": [
            "LambdaKey984A39D9",
            "Arn",
          ],
        },
        "MemorySize": 256,
        "Role": {
          "Fn::GetAtt": [
            "LzaCustomResourceFunctionServiceRole8DB16799",
            "Arn",
          ],
        },
        "Runtime": "nodejs16.x",
        "Timeout": 300,
      },
      "Type": "AWS::Lambda::Function",
    },
    "LzaCustomResourceFunctionResourceLogGroup3DF3510E": {
      "DeletionPolicy": "Retain",
      "Properties": {
        "KmsKeyId": {
          "Fn::GetAtt": [
            "CloudWatchKey9B181885",
            "Arn",
          ],
        },
        "LogGroupName": {
          "Fn::Join": [
            "",
            [
              "/aws/lambda/",
              {
                "Ref": "LzaCustomResourceFunction0646CE43",
              },
            ],
          ],
        },
        "RetentionInDays": 365,
      },
      "Type": "AWS::Logs::LogGroup",
      "UpdateReplacePolicy": "Retain",
    },
    "LzaCustomResourceFunctionServiceRole8DB16799": {
      "Properties": {
        "AssumeRolePolicyDocument": {
          "Statement": [
            {
              "Action": "sts:AssumeRole",
              "Effect": "Allow",
              "Principal": {
                "Service": "lambda.amazonaws.com",
              },
            },
          ],
          "Version": "2012-10-17",
        },
        "ManagedPolicyArns": [
          {
            "Fn::Join": [
              "",
              [
                "arn:",
                {
                  "Ref": "AWS::Partition",
                },
                ":iam::aws:policy/service-role/AWSLambdaBasicExecutionRole",
              ],
            ],
          },
        ],
      },
      "Type": "AWS::IAM::Role",
    },
    "LzaCustomResourceFunctionServiceRoleDefaultPolicyD20B0ACD": {
      "Properties": {
        "PolicyDocument": {
          "Statement": [
            {
              "Action": [
                "identitystore:ListGroups",
                "identitystore:ListUsers",
              ],
              "Effect": "Allow",
              "Resource": "*",
            },
          ],
          "Version": "2012-10-17",
        },
        "PolicyName": "LzaCustomResourceFunctionServiceRoleDefaultPolicyD20B0ACD",
        "Roles": [
          {
            "Ref": "LzaCustomResourceFunctionServiceRole8DB16799",
          },
        ],
      },
      "Type": "AWS::IAM::Policy",
    },
    "LzaCustomResourceLzaCustomResourceResource7A917946": {
      "DeletionPolicy": "Delete",
      "Properties": {
        "ServiceToken": {
          "Fn::GetAtt": [
            "LzaCustomResourceframeworkonEvent781AC7F8",
            "Arn",
          ],
        },
        "globalRegion": "us-east-1",
        "identityStoreId": "d-906751796e",
        "principalName": "lza-accelerator-user",
        "principalType": "USER",
        "uuid": "REPLACED-UUID",
      },
      "Type": "AWS::CloudFormation::CustomResource",
      "UpdateReplacePolicy": "Delete",
    },
    "LzaCustomResourceframeworkonEvent781AC7F8": {
      "DependsOn": [
        "LzaCustomResourceframeworkonEventServiceRoleDefaultPolicyC9F750D9",
        "LzaCustomResourceframeworkonEventServiceRoleFFF1D2C2",
      ],
      "Properties": {
        "Code": {
          "S3Bucket": {
            "Fn::Sub": "cdk-hnb659fds-assets-\${AWS::AccountId}-\${AWS::Region}",
          },
          "S3Key": "REPLACED-GENERATED-NAME.zip",
        },
        "Description": "AWS CDK resource provider framework - onEvent (Default/LzaCustomResource/Resource)",
        "Environment": {
          "Variables": {
            "USER_ON_EVENT_FUNCTION_ARN": {
              "Fn::GetAtt": [
                "LzaCustomResourceFunction0646CE43",
                "Arn",
              ],
            },
          },
        },
        "Handler": "framework.onEvent",
        "Role": {
          "Fn::GetAtt": [
            "LzaCustomResourceframeworkonEventServiceRoleFFF1D2C2",
            "Arn",
          ],
        },
        "Runtime": "nodejs18.x",
        "Timeout": 900,
      },
      "Type": "AWS::Lambda::Function",
    },
    "LzaCustomResourceframeworkonEventServiceRoleDefaultPolicyC9F750D9": {
      "Properties": {
        "PolicyDocument": {
          "Statement": [
            {
              "Action": "lambda:InvokeFunction",
              "Effect": "Allow",
              "Resource": [
                {
                  "Fn::GetAtt": [
                    "LzaCustomResourceFunction0646CE43",
                    "Arn",
                  ],
                },
                {
                  "Fn::Join": [
                    "",
                    [
                      {
                        "Fn::GetAtt": [
                          "LzaCustomResourceFunction0646CE43",
                          "Arn",
                        ],
                      },
                      ":*",
                    ],
                  ],
                },
              ],
            },
          ],
          "Version": "2012-10-17",
        },
        "PolicyName": "LzaCustomResourceframeworkonEventServiceRoleDefaultPolicyC9F750D9",
        "Roles": [
          {
            "Ref": "LzaCustomResourceframeworkonEventServiceRoleFFF1D2C2",
          },
        ],
      },
      "Type": "AWS::IAM::Policy",
    },
    "LzaCustomResourceframeworkonEventServiceRoleFFF1D2C2": {
      "Properties": {
        "AssumeRolePolicyDocument": {
          "Statement": [
            {
              "Action": "sts:AssumeRole",
              "Effect": "Allow",
              "Principal": {
                "Service": "lambda.amazonaws.com",
              },
            },
          ],
          "Version": "2012-10-17",
        },
        "ManagedPolicyArns": [
          {
            "Fn::Join": [
              "",
              [
                "arn:",
                {
                  "Ref": "AWS::Partition",
                },
                ":iam::aws:policy/service-role/AWSLambdaBasicExecutionRole",
              ],
            ],
          },
        ],
      },
      "Type": "AWS::IAM::Role",
    },
  },
}
`;
