// Jest Snapshot v1, https://goo.gl/fbAQLP

exports[`LzaLambda Construct(IdentityCenterGetInstanceId):  Snapshot Test 1`] = `
{
  "Resources": {
    "CloudWatchKey9B181885": {
      "DeletionPolicy": "Retain",
      "Properties": {
        "KeyPolicy": {
          "Statement": [
            {
              "Action": "kms:*",
              "Effect": "Allow",
              "Principal": {
                "AWS": {
                  "Fn::Join": [
                    "",
                    [
                      "arn:",
                      {
                        "Ref": "AWS::Partition",
                      },
                      ":iam::",
                      {
                        "Ref": "AWS::AccountId",
                      },
                      ":root",
                    ],
                  ],
                },
              },
              "Resource": "*",
            },
          ],
          "Version": "2012-10-17",
        },
      },
      "Type": "AWS::KMS::Key",
      "UpdateReplacePolicy": "Retain",
    },
    "LambdaKey984A39D9": {
      "DeletionPolicy": "Retain",
      "Properties": {
        "KeyPolicy": {
          "Statement": [
            {
              "Action": "kms:*",
              "Effect": "Allow",
              "Principal": {
                "AWS": {
                  "Fn::Join": [
                    "",
                    [
                      "arn:",
                      {
                        "Ref": "AWS::Partition",
                      },
                      ":iam::",
                      {
                        "Ref": "AWS::AccountId",
                      },
                      ":root",
                    ],
                  ],
                },
              },
              "Resource": "*",
            },
          ],
          "Version": "2012-10-17",
        },
      },
      "Type": "AWS::KMS::Key",
      "UpdateReplacePolicy": "Retain",
    },
    "LzaLambdaF8E06A14": {
      "DependsOn": [
        "LzaLambdaServiceRoleDefaultPolicy88664093",
        "LzaLambdaServiceRole1136AAD1",
      ],
      "Properties": {
        "Code": {
          "S3Bucket": {
            "Fn::Sub": "cdk-hnb659fds-assets-\${AWS::AccountId}-\${AWS::Region}",
          },
          "S3Key": "REPLACED-GENERATED-NAME.zip",
        },
        "Description": "LZA Lambda Function for Snapshot test",
        "Environment": {
          "Variables": {
            "envKey": "envValue",
          },
        },
        "FunctionName": "LzaLambda",
        "Handler": "index.handler",
        "KmsKeyArn": {
          "Fn::GetAtt": [
            "LambdaKey984A39D9",
            "Arn",
          ],
        },
        "MemorySize": 256,
        "Role": {
          "Fn::GetAtt": [
            "LzaLambdaServiceRole1136AAD1",
            "Arn",
          ],
        },
        "Runtime": "nodejs16.x",
        "Timeout": 300,
      },
      "Type": "AWS::Lambda::Function",
    },
    "LzaLambdaResourceLogGroup2399FC9C": {
      "DeletionPolicy": "Retain",
      "Properties": {
        "KmsKeyId": {
          "Fn::GetAtt": [
            "CloudWatchKey9B181885",
            "Arn",
          ],
        },
        "LogGroupName": {
          "Fn::Join": [
            "",
            [
              "/aws/lambda/",
              {
                "Ref": "LzaLambdaF8E06A14",
              },
            ],
          ],
        },
        "RetentionInDays": 365,
      },
      "Type": "AWS::Logs::LogGroup",
      "UpdateReplacePolicy": "Retain",
    },
    "LzaLambdaServiceRole1136AAD1": {
      "Properties": {
        "AssumeRolePolicyDocument": {
          "Statement": [
            {
              "Action": "sts:AssumeRole",
              "Effect": "Allow",
              "Principal": {
                "Service": "lambda.amazonaws.com",
              },
            },
          ],
          "Version": "2012-10-17",
        },
        "ManagedPolicyArns": [
          {
            "Fn::Join": [
              "",
              [
                "arn:",
                {
                  "Ref": "AWS::Partition",
                },
                ":iam::aws:policy/service-role/AWSLambdaBasicExecutionRole",
              ],
            ],
          },
        ],
      },
      "Type": "AWS::IAM::Role",
    },
    "LzaLambdaServiceRoleDefaultPolicy88664093": {
      "Properties": {
        "PolicyDocument": {
          "Statement": [
            {
              "Action": [
                "identitystore:ListGroups",
                "identitystore:ListUsers",
              ],
              "Effect": "Allow",
              "Resource": "*",
            },
          ],
          "Version": "2012-10-17",
        },
        "PolicyName": "LzaLambdaServiceRoleDefaultPolicy88664093",
        "Roles": [
          {
            "Ref": "LzaLambdaServiceRole1136AAD1",
          },
        ],
      },
      "Type": "AWS::IAM::Policy",
    },
  },
}
`;
